Component: ARM Compiler 5.06 update 6 (build 750) Tool: armlink [4d35ed]

==============================================================================

Section Cross References

    app.o(i.main) refers to gd32c10x_hw.o(i.usb_rcu_config) for usb_rcu_config
    app.o(i.main) refers to gd32c10x_hw.o(i.usb_timer_init) for usb_timer_init
    app.o(i.main) refers to usbd_core.o(i.usbd_init) for usbd_init
    app.o(i.main) refers to gd32c10x_hw.o(i.usb_intr_config) for usb_intr_config
    app.o(i.main) refers to gd32c10x_rcu.o(i.rcu_periph_clock_enable) for rcu_periph_clock_enable
    app.o(i.main) refers to gd32c10x_hw.o(i.ctc_config) for ctc_config
    app.o(i.main) refers to gd32c10x_ctc.o(i.ctc_flag_get) for ctc_flag_get
    app.o(i.main) refers to timer.o(i.TIM5_config) for TIM5_config
    app.o(i.main) refers to timer.o(i.TIM6_config) for TIM6_config
    app.o(i.main) refers to gd32c10x_can.o(i.can_struct_para_init) for can_struct_para_init
    app.o(i.main) refers to bsp.o(i.LenInit) for LenInit
    app.o(i.main) refers to cdc_acm_core.o(i.cdc_acm_check_ready) for cdc_acm_check_ready
    app.o(i.main) refers to cdc_acm_core.o(i.cdc_acm_data_receive) for cdc_acm_data_receive
    app.o(i.main) refers to cdc_acm_core.o(i.SendUsbDate) for SendUsbDate
    app.o(i.main) refers to gd32c10x_gpio.o(i.gpio_bit_reset) for gpio_bit_reset
    app.o(i.main) refers to gd32c10x_gpio.o(i.gpio_bit_set) for gpio_bit_set
    app.o(i.main) refers to cdc_acm_core.o(.data) for cdc_class
    app.o(i.main) refers to app.o(.bss) for cdc_acm
    app.o(i.main) refers to cdc_acm_core.o(.bss) for iUsbBuf
    gd32c10x_hw.o(i.ctc_config) refers to gd32c10x_ctc.o(i.ctc_refsource_prescaler_config) for ctc_refsource_prescaler_config
    gd32c10x_hw.o(i.ctc_config) refers to gd32c10x_ctc.o(i.ctc_refsource_signal_select) for ctc_refsource_signal_select
    gd32c10x_hw.o(i.ctc_config) refers to gd32c10x_ctc.o(i.ctc_refsource_polarity_config) for ctc_refsource_polarity_config
    gd32c10x_hw.o(i.ctc_config) refers to gd32c10x_ctc.o(i.ctc_hardware_trim_mode_config) for ctc_hardware_trim_mode_config
    gd32c10x_hw.o(i.ctc_config) refers to gd32c10x_ctc.o(i.ctc_counter_reload_value_config) for ctc_counter_reload_value_config
    gd32c10x_hw.o(i.ctc_config) refers to gd32c10x_ctc.o(i.ctc_clock_limit_value_config) for ctc_clock_limit_value_config
    gd32c10x_hw.o(i.ctc_config) refers to gd32c10x_ctc.o(i.ctc_counter_enable) for ctc_counter_enable
    gd32c10x_hw.o(i.hw_delay) refers to gd32c10x_hw.o(i.hw_time_set) for hw_time_set
    gd32c10x_hw.o(i.hw_delay) refers to gd32c10x_timer.o(i.timer_disable) for timer_disable
    gd32c10x_hw.o(i.hw_delay) refers to gd32c10x_hw.o(.data) for delay_time
    gd32c10x_hw.o(i.hw_time_set) refers to gd32c10x_timer.o(i.timer_disable) for timer_disable
    gd32c10x_hw.o(i.hw_time_set) refers to gd32c10x_timer.o(i.timer_interrupt_disable) for timer_interrupt_disable
    gd32c10x_hw.o(i.hw_time_set) refers to gd32c10x_timer.o(i.timer_init) for timer_init
    gd32c10x_hw.o(i.hw_time_set) refers to gd32c10x_timer.o(i.timer_interrupt_flag_clear) for timer_interrupt_flag_clear
    gd32c10x_hw.o(i.hw_time_set) refers to gd32c10x_timer.o(i.timer_auto_reload_shadow_enable) for timer_auto_reload_shadow_enable
    gd32c10x_hw.o(i.hw_time_set) refers to gd32c10x_timer.o(i.timer_interrupt_enable) for timer_interrupt_enable
    gd32c10x_hw.o(i.hw_time_set) refers to gd32c10x_timer.o(i.timer_enable) for timer_enable
    gd32c10x_hw.o(i.hw_time_set) refers to gd32c10x_hw.o(.data) for timer_prescaler
    gd32c10x_hw.o(i.usb_intr_config) refers to gd32c10x_misc.o(i.nvic_priority_group_set) for nvic_priority_group_set
    gd32c10x_hw.o(i.usb_intr_config) refers to gd32c10x_misc.o(i.nvic_irq_enable) for nvic_irq_enable
    gd32c10x_hw.o(i.usb_intr_config) refers to gd32c10x_rcu.o(i.rcu_periph_clock_enable) for rcu_periph_clock_enable
    gd32c10x_hw.o(i.usb_intr_config) refers to gd32c10x_exti.o(i.exti_interrupt_flag_clear) for exti_interrupt_flag_clear
    gd32c10x_hw.o(i.usb_intr_config) refers to gd32c10x_exti.o(i.exti_init) for exti_init
    gd32c10x_hw.o(i.usb_intr_config) refers to gd32c10x_exti.o(i.exti_interrupt_enable) for exti_interrupt_enable
    gd32c10x_hw.o(i.usb_mdelay) refers to gd32c10x_hw.o(i.hw_delay) for hw_delay
    gd32c10x_hw.o(i.usb_rcu_config) refers to gd32c10x_rcu.o(i.rcu_clock_freq_get) for rcu_clock_freq_get
    gd32c10x_hw.o(i.usb_rcu_config) refers to gd32c10x_rcu.o(i.rcu_osci_on) for rcu_osci_on
    gd32c10x_hw.o(i.usb_rcu_config) refers to gd32c10x_rcu.o(i.rcu_osci_stab_wait) for rcu_osci_stab_wait
    gd32c10x_hw.o(i.usb_rcu_config) refers to gd32c10x_rcu.o(i.rcu_ck48m_clock_config) for rcu_ck48m_clock_config
    gd32c10x_hw.o(i.usb_rcu_config) refers to gd32c10x_rcu.o(i.rcu_periph_clock_enable) for rcu_periph_clock_enable
    gd32c10x_hw.o(i.usb_rcu_config) refers to gd32c10x_hw.o(.data) for timer_prescaler
[...]
    ..\\..\\Firmware\\GD32C10x_standard_peripheral\\Source\\gd32c10x_wwdgt.c 0x00000000   Number         0  gd32c10x_wwdgt.o ABSOLUTE
    ..\\..\\Firmware\\GD32C10x_usbfs_library\\device\\class\\cdc\\Source\\cdc_acm_core.c 0x00000000   Number         0  cdc_acm_core.o ABSOLUTE
    ..\\..\\Firmware\\GD32C10x_usbfs_library\\device\\core\\Source\\usbd_core.c 0x00000000   Number         0  usbd_core.o ABSOLUTE
    ..\\..\\Firmware\\GD32C10x_usbfs_library\\device\\core\\Source\\usbd_enum.c 0x00000000   Number         0  usbd_enum.o ABSOLUTE
    ..\\..\\Firmware\\GD32C10x_usbfs_library\\device\\core\\Source\\usbd_transc.c 0x00000000   Number         0  usbd_transc.o ABSOLUTE
    ..\\..\\Firmware\\GD32C10x_usbfs_library\\driver\\Source\\drv_usb_core.c 0x00000000   Number         0  drv_usb_core.o ABSOLUTE
    ..\\..\\Firmware\\GD32C10x_usbfs_library\\driver\\Source\\drv_usb_dev.c 0x00000000   Number         0  drv_usb_dev.o ABSOLUTE
    ..\\..\\Firmware\\GD32C10x_usbfs_library\\driver\\Source\\drv_usbd_int.c 0x00000000   Number         0  drv_usbd_int.o ABSOLUTE
    ..\\..\\Utilities\\gd32c10x_eval.c       0x00000000   Number         0  gd32c10x_eval.o ABSOLUTE
    ..\\src\\app.c                           0x00000000   Number         0  app.o ABSOLUTE
    ..\\src\\gd32c10x_hw.c                   0x00000000   Number         0  gd32c10x_hw.o ABSOLUTE
    ..\\src\\gd32c10x_it.c                   0x00000000   Number         0  gd32c10x_it.o ABSOLUTE
    ..\src\app.c                             0x00000000   Number         0  app.o ABSOLUTE
    ..\src\gd32c10x_hw.c                     0x00000000   Number         0  gd32c10x_hw.o ABSOLUTE
    ..\src\gd32c10x_it.c                     0x00000000   Number         0  gd32c10x_it.o ABSOLUTE
    dc.s                                     0x00000000   Number         0  dc.o ABSOLUTE
    RESET                                    0x08000000   Section      336  startup_gd32c10x.o(RESET)
    !!!main                                  0x08000150   Section        8  __main.o(!!!main)
    !!!scatter                               0x08000158   Section       52  __scatter.o(!!!scatter)
    !!dczerorl2                              0x0800018c   Section       90  __dczerorl2.o(!!dczerorl2)
    !!handler_zi                             0x080001e8   Section       28  __scatter_zi.o(!!handler_zi)
    .ARM.Collect$$libinit$$00000000          0x08000204   Section        2  libinit.o(.ARM.Collect$$libinit$$00000000)
    .ARM.Collect$$libinit$$00000001          0x08000206   Section        4  libinit2.o(.ARM.Collect$$libinit$$00000001)
    .ARM.Collect$$libinit$$00000004          0x0800020a   Section        0  libinit2.o(.ARM.Collect$$libinit$$00000004)
    .ARM.Collect$$libinit$$0000000A          0x0800020a   Section        0  libinit2.o(.ARM.Collect$$libinit$$0000000A)
    .ARM.Collect$$libinit$$0000000C          0x0800020a   Section        0  libinit2.o(.ARM.Collect$$libinit$$0000000C)
    .ARM.Collect$$libinit$$0000000E          0x0800020a   Section        0  libinit2.o(.ARM.Collect$$libinit$$0000000E)
    .ARM.Collect$$libinit$$00000011          0x0800020a   Section        0  libinit2.o(.ARM.Collect$$libinit$$00000011)
    .ARM.Collect$$libinit$$00000013          0x0800020a   Section        0  libinit2.o(.ARM.Collect$$libinit$$00000013)
    .ARM.Collect$$libinit$$00000015          0x0800020a   Section        0  libinit2.o(.ARM.Collect$$libinit$$00000015)
    .ARM.Collect$$libinit$$00000017          0x0800020a   Section        0  libinit2.o(.ARM.Collect$$libinit$$00000017)
    .ARM.Collect$$libinit$$00000019          0x0800020a   Section        0  libinit2.o(.ARM.Collect$$libinit$$00000019)
    .ARM.Collect$$libinit$$0000001B          0x0800020a   Section        0  libinit2.o(.ARM.Collect$$libinit$$0000001B)
    .ARM.Collect$$libinit$$0000001D          0x0800020a   Section        0  libinit2.o(.ARM.Collect$$libinit$$0000001D)
    .ARM.Collect$$libinit$$0000001F          0x0800020a   Section        0  libinit2.o(.ARM.Collect$$libinit$$0000001F)
    .ARM.Collect$$libinit$$00000021          0x0800020a   Section        0  libinit2.o(.ARM.Collect$$libinit$$00000021)
    .ARM.Collect$$libinit$$00000023          0x0800020a   Section        0  libinit2.o(.ARM.Collect$$libinit$$00000023)
    .ARM.Collect$$libinit$$00000025          0x0800020a   Section        0  libinit2.o(.ARM.Collect$$libinit$$00000025)
    .ARM.Collect$$libinit$$0000002C          0x0800020a   Section        0  libinit2.o(.ARM.Collect$$libinit$$0000002C)
    .ARM.Collect$$libinit$$0000002E          0x0800020a   Section        0  libinit2.o(.ARM.Collect$$libinit$$0000002E)
    .ARM.Collect$$libinit$$00000030          0x0800020a   Section        0  libinit2.o(.ARM.Collect$$libinit$$00000030)
    .ARM.Collect$$libinit$$00000032          0x0800020a   Section        0  libinit2.o(.ARM.Collect$$libinit$$00000032)
    .ARM.Collect$$libinit$$00000033          0x0800020a   Section        2  libinit2.o(.ARM.Collect$$libinit$$00000033)
    .ARM.Collect$$libshutdown$$00000000      0x0800020c   Section        2  libshutdown.o(.ARM.Collect$$libshutdown$$00000000)
    .ARM.Collect$$libshutdown$$00000002      0x0800020e   Section        0  libshutdown2.o(.ARM.Collect$$libshutdown$$00000002)
    .ARM.Collect$$libshutdown$$00000004      0x0800020e   Section        0  libshutdown2.o(.ARM.Collect$$libshutdown$$00000004)
    .ARM.Collect$$libshutdown$$00000007      0x0800020e   Section        0  libshutdown2.o(.ARM.Collect$$libshutdown$$00000007)
    .ARM.Collect$$libshutdown$$0000000A      0x0800020e   Section        0  libshutdown2.o(.ARM.Collect$$libshutdown$$0000000A)
    .ARM.Collect$$libshutdown$$0000000C      0x0800020e   Section        0  libshutdown2.o(.ARM.Collect$$libshutdown$$0000000C)
    .ARM.Collect$$libshutdown$$0000000F      0x0800020e   Section        0  libshutdown2.o(.ARM.Collect$$libshutdown$$0000000F)
    .ARM.Collect$$libshutdown$$00000010      0x0800020e   Section        2  libshutdown2.o(.ARM.Collect$$libshutdown$$00000010)
    .ARM.Collect$$rtentry$$00000000          0x08000210   Section        0  __rtentry.o(.ARM.Collect$$rtentry$$00000000)
    .ARM.Collect$$rtentry$$00000002          0x08000210   Section        0  __rtentry2.o(.ARM.Collect$$rtentry$$00000002)
    .ARM.Collect$$rtentry$$00000004          0x08000210   Section        6  __rtentry4.o(.ARM.Collect$$rtentry$$00000004)
    .ARM.Collect$$rtentry$$00000009          0x08000216   Section        0  __rtentry2.o(.ARM.Collect$$rtentry$$00000009)
    .ARM.Collect$$rtentry$$0000000A          0x08000216   Section        4  __rtentry2.o(.ARM.Collect$$rtentry$$0000000A)
    .ARM.Collect$$rtentry$$0000000C          0x0800021a   Section        0  __rtentry2.o(.ARM.Collect$$rtentry$$0000000C)
    .ARM.Collect$$rtentry$$0000000D          0x0800021a   Section        8  __rtentry2.o(.ARM.Collect$$rtentry$$0000000D)
    .ARM.Collect$$rtexit$$00000000           0x08000222   Section        2  rtexit.o(.ARM.Collect$$rtexit$$00000000)
    .ARM.Collect$$rtexit$$00000002           0x08000224   Section        0  rtexit2.o(.ARM.Collect$$rtexit$$00000002)
    .ARM.Collect$$rtexit$$00000003           0x08000224   Section        4  rtexit2.o(.ARM.Collect$$rtexit$$00000003)
    .ARM.Collect$$rtexit$$00000004           0x08000228   Section        6  rtexit2.o(.ARM.Collect$$rtexit$$00000004)
    .text                                    0x08000230   Section       64  startup_gd32c10x.o(.text)
    $v0                                      0x08000230   Number         0  startup_gd32c10x.o(.text)
    .text                                    0x08000270   Section      100  rt_memcpy_w.o(.text)
    .text                                    0x080002d4   Section       78  rt_memclr_w.o(.text)
    .text                                    0x08000322   Section        0  heapauxi.o(.text)
    .text                                    0x08000328   Section       74  sys_stackheap_outer.o(.text)
    .text                                    0x08000372   Section        0  exit.o(.text)
    .text                                    0x08000384   Section        8  libspace.o(.text)
    .text                                    0x0800038c   Section        0  sys_exit.o(.text)
    .text                                    0x08000398   Section        2  use_no_semi.o(.text)
    .text                                    0x0800039a   Section        0  indicate_semi.o(.text)
    i.BusFault_Handler                       0x0800039a   Section        0  gd32c10x_it.o(i.BusFault_Handler)
    i.CAN0_RX0_IRQHandler                    0x080003a0   Section        0  gd32c10x_it.o(i.CAN0_RX0_IRQHandler)
    i.CAN1_RX0_IRQHandler                    0x080003b8   Section        0  gd32c10x_it.o(i.CAN1_RX0_IRQHandler)
    i.DebugMon_Handler                       0x080003d0   Section        0  gd32c10x_it.o(i.DebugMon_Handler)
    i.HardFault_Handler                      0x080003d2   Section        0  gd32c10x_it.o(i.HardFault_Handler)
    i.LenInit                                0x080003d8   Section        0  bsp.o(i.LenInit)
    i.MemManage_Handler                      0x08000414   Section        0  gd32c10x_it.o(i.MemManage_Handler)
    i.NMI_Handler                            0x08000418   Section        0  gd32c10x_it.o(i.NMI_Handler)
    i.PendSV_Handler                         0x0800041a   Section        0  gd32c10x_it.o(i.PendSV_Handler)
    i.SVC_Handler                            0x0800041c   Section        0  gd32c10x_it.o(i.SVC_Handler)
    i.SendUsbDate                            0x0800041e   Section        0  cdc_acm_core.o(i.SendUsbDate)
    i.SysTick_Handler                        0x08000446   Section        0  gd32c10x_it.o(i.SysTick_Handler)
    i.SystemInit                             0x08000448   Section        0  system_gd32c10x.o(i.SystemInit)
    i.TIM5_config                            0x080004ec   Section        0  timer.o(i.TIM5_config)
    i.TIM6_config                            0x08000558   Section        0  timer.o(i.TIM6_config)
    i.TIMER2_IRQHandler                      0x080005c4   Section        0  gd32c10x_it.o(i.TIMER2_IRQHandler)
    i.TIMER5_IRQHandler                      0x080005cc   Section        0  gd32c10x_it.o(i.TIMER5_IRQHandler)
    i.TIMER6_IRQHandler                      0x08000604   Section        0  gd32c10x_it.o(i.TIMER6_IRQHandler)
    i.USBFS_IRQHandler                       0x0800063c   Section        0  gd32c10x_it.o(i.USBFS_IRQHandler)
    i.USBFS_WKUP_IRQHandler                  0x0800064c   Section        0  gd32c10x_it.o(i.USBFS_WKUP_IRQHandler)
    i.UsageFault_Handler                     0x08000680   Section        0  gd32c10x_it.o(i.UsageFault_Handler)
    i._usb_bos_desc_get                      0x08000684   Section        0  usbd_enum.o(i._usb_bos_desc_get)
    _usb_bos_desc_get                        0x08000685   Thumb Code    20  usbd_enum.o(i._usb_bos_desc_get)
    i._usb_config_desc_get                   0x08000698   Section        0  usbd_enum.o(i._usb_config_desc_get)
    _usb_config_desc_get                     0x08000699   Thumb Code    34  usbd_enum.o(i._usb_config_desc_get)
    i._usb_dev_desc_get                      0x080006ba   Section        0  usbd_enum.o(i._usb_dev_desc_get)
    _usb_dev_desc_get                        0x080006bb   Thumb Code    20  usbd_enum.o(i._usb_dev_desc_get)
    i._usb_std_clearfeature                  0x080006ce   Section        0  usbd_enum.o(i._usb_std_clearfeature)
    _usb_std_clearfeature                    0x080006cf   Thumb Code   116  usbd_enum.o(i._usb_std_clearfeature)
    i._usb_std_getconfiguration              0x08000742   Section        0  usbd_enum.o(i._usb_std_getconfiguration)
    _usb_std_getconfiguration                0x08000743   Thumb Code    64  usbd_enum.o(i._usb_std_getconfiguration)
    i._usb_std_getdescriptor                 0x08000784   Section        0  usbd_enum.o(i._usb_std_getdescriptor)
    _usb_std_getdescriptor                   0x08000785   Thumb Code   266  usbd_enum.o(i._usb_std_getdescriptor)
    i._usb_std_getinterface                  0x08000894   Section        0  usbd_enum.o(i._usb_std_getinterface)
    _usb_std_getinterface                    0x08000895   Thumb Code    60  usbd_enum.o(i._usb_std_getinterface)
    i._usb_std_getstatus                     0x080008d0   Section        0  usbd_enum.o(i._usb_std_getstatus)
    _usb_std_getstatus                       0x080008d1   Thumb Code   192  usbd_enum.o(i._usb_std_getstatus)
    i._usb_std_reserved                      0x08000994   Section        0  usbd_enum.o(i._usb_std_reserved)
    _usb_std_reserved                        0x08000995   Thumb Code     6  usbd_enum.o(i._usb_std_reserved)
    i._usb_std_setaddress                    0x0800099a   Section        0  usbd_enum.o(i._usb_std_setaddress)
    _usb_std_setaddress                      0x0800099b   Thumb Code    92  usbd_enum.o(i._usb_std_setaddress)
    i._usb_std_setconfiguration              0x080009f8   Section        0  usbd_enum.o(i._usb_std_setconfiguration)
    _usb_std_setconfiguration                0x080009f9   Thumb Code   176  usbd_enum.o(i._usb_std_setconfiguration)
    i._usb_std_setdescriptor                 0x08000aac   Section        0  usbd_enum.o(i._usb_std_setdescriptor)
    _usb_std_setdescriptor                   0x08000aad   Thumb Code     6  usbd_enum.o(i._usb_std_setdescriptor)
    i._usb_std_setfeature                    0x08000ab2   Section        0  usbd_enum.o(i._usb_std_setfeature)
    _usb_std_setfeature                      0x08000ab3   Thumb Code   104  usbd_enum.o(i._usb_std_setfeature)
    i._usb_std_setinterface                  0x08000b1a   Section        0  usbd_enum.o(i._usb_std_setinterface)
    _usb_std_setinterface                    0x08000b1b   Thumb Code    68  usbd_enum.o(i._usb_std_setinterface)
    i._usb_std_synchframe                    0x08000b5e   Section        0  usbd_enum.o(i._usb_std_synchframe)
    _usb_std_synchframe                      0x08000b5f   Thumb Code     6  usbd_enum.o(i._usb_std_synchframe)
    i._usb_str_desc_get                      0x08000b64   Section        0  usbd_enum.o(i._usb_str_desc_get)
    _usb_str_desc_get                        0x08000b65   Thumb Code    20  usbd_enum.o(i._usb_str_desc_get)
    i.can_message_receive                    0x08000b78   Section        0  gd32c10x_can.o(i.can_message_receive)
    i.can_struct_para_init                   0x08000d3c   Section        0  gd32c10x_can.o(i.can_struct_para_init)
    i.cdc_acm_check_ready                    0x08000e1e   Section        0  cdc_acm_core.o(i.cdc_acm_check_ready)
    i.cdc_acm_data_receive                   0x08000e40   Section        0  cdc_acm_core.o(i.cdc_acm_data_receive)
    i.cdc_acm_deinit                         0x08000e5c   Section        0  cdc_acm_core.o(i.cdc_acm_deinit)
    cdc_acm_deinit                           0x08000e5d   Thumb Code    34  cdc_acm_core.o(i.cdc_acm_deinit)
    i.cdc_acm_in                             0x08000e7e   Section        0  cdc_acm_core.o(i.cdc_acm_in)
    cdc_acm_in                               0x08000e7f   Thumb Code    70  cdc_acm_core.o(i.cdc_acm_in)
    i.cdc_acm_init                           0x08000ec4   Section        0  cdc_acm_core.o(i.cdc_acm_init)
    cdc_acm_init                             0x08000ec5   Thumb Code    84  cdc_acm_core.o(i.cdc_acm_init)
    i.cdc_acm_out                            0x08000f24   Section        0  cdc_acm_core.o(i.cdc_acm_out)
    cdc_acm_out                              0x08000f25   Thumb Code   152  cdc_acm_core.o(i.cdc_acm_out)
    i.cdc_acm_req                            0x08000fcc   Section        0  cdc_acm_core.o(i.cdc_acm_req)
    cdc_acm_req                              0x08000fcd   Thumb Code   176  cdc_acm_core.o(i.cdc_acm_req)
    i.cdc_ctlx_out                           0x0800107c   Section        0  cdc_acm_core.o(i.cdc_ctlx_out)
    cdc_ctlx_out                             0x0800107d   Thumb Code    82  cdc_acm_core.o(i.cdc_ctlx_out)
    i.ctc_clock_limit_value_config           0x080010d0   Section        0  gd32c10x_ctc.o(i.ctc_clock_limit_value_config)
    i.ctc_config                             0x080010ec   Section        0  gd32c10x_hw.o(i.ctc_config)
    i.ctc_counter_enable                     0x0800111c   Section        0  gd32c10x_ctc.o(i.ctc_counter_enable)
    i.ctc_counter_reload_value_config        0x08001130   Section        0  gd32c10x_ctc.o(i.ctc_counter_reload_value_config)
    i.ctc_flag_get                           0x0800114c   Section        0  gd32c10x_ctc.o(i.ctc_flag_get)
    i.ctc_hardware_trim_mode_config          0x08001164   Section        0  gd32c10x_ctc.o(i.ctc_hardware_trim_mode_config)
    i.ctc_refsource_polarity_config          0x08001180   Section        0  gd32c10x_ctc.o(i.ctc_refsource_polarity_config)
    i.ctc_refsource_prescaler_config         0x0800119c   Section        0  gd32c10x_ctc.o(i.ctc_refsource_prescaler_config)
    i.ctc_refsource_signal_select            0x080011b8   Section        0  gd32c10x_ctc.o(i.ctc_refsource_signal_select)
    i.exti_init                              0x080011d4   Section        0  gd32c10x_exti.o(i.exti_init)
    i.exti_interrupt_enable                  0x0800128c   Section        0  gd32c10x_exti.o(i.exti_interrupt_enable)
    i.exti_interrupt_flag_clear              0x0800129c   Section        0  gd32c10x_exti.o(i.exti_interrupt_flag_clear)
    i.gpio_bit_reset                         0x080012a8   Section        0  gd32c10x_gpio.o(i.gpio_bit_reset)
    i.gpio_bit_set                           0x080012ac   Section        0  gd32c10x_gpio.o(i.gpio_bit_set)
    i.gpio_init                              0x080012b0   Section        0  gd32c10x_gpio.o(i.gpio_init)
    i.hw_delay                               0x0800136c   Section        0  gd32c10x_hw.o(i.hw_delay)
    hw_delay                                 0x0800136d   Thumb Code    34  gd32c10x_hw.o(i.hw_delay)
    i.hw_time_set                            0x08001398   Section        0  gd32c10x_hw.o(i.hw_time_set)
    hw_time_set                              0x08001399   Thumb Code   102  gd32c10x_hw.o(i.hw_time_set)
    i.int_to_unicode                         0x08001408   Section        0  usbd_enum.o(i.int_to_unicode)
    i.main                                   0x08001444   Section        0  app.o(i.main)
    i.nvic_irq_enable                        0x08001540   Section        0  gd32c10x_misc.o(i.nvic_irq_enable)
    i.nvic_priority_group_set                0x080015ec   Section        0  gd32c10x_misc.o(i.nvic_priority_group_set)
    i.nvic_vector_table_set                  0x08001600   Section        0  gd32c10x_misc.o(i.nvic_vector_table_set)
    i.pmu_to_deepsleepmode                   0x08001618   Section        0  gd32c10x_pmu.o(i.pmu_to_deepsleepmode)
    i.rcu_ck48m_clock_config                 0x080016dc   Section        0  gd32c10x_rcu.o(i.rcu_ck48m_clock_config)
    i.rcu_clock_freq_get                     0x080016f8   Section        0  gd32c10x_rcu.o(i.rcu_clock_freq_get)
    i.rcu_flag_get                           0x08001878   Section        0  gd32c10x_rcu.o(i.rcu_flag_get)
    i.rcu_osci_on                            0x0800189c   Section        0  gd32c10x_rcu.o(i.rcu_osci_on)
    i.rcu_osci_stab_wait                     0x080018bc   Section        0  gd32c10x_rcu.o(i.rcu_osci_stab_wait)
    i.rcu_periph_clock_enable                0x08001a18   Section        0  gd32c10x_rcu.o(i.rcu_periph_clock_enable)
    i.rcu_periph_reset_disable               0x08001a38   Section        0  gd32c10x_rcu.o(i.rcu_periph_reset_disable)
    i.rcu_periph_reset_enable                0x08001a58   Section        0  gd32c10x_rcu.o(i.rcu_periph_reset_enable)
    i.rcu_usb_clock_config                   0x08001a78   Section        0  gd32c10x_rcu.o(i.rcu_usb_clock_config)
    i.serial_string_get                      0x08001a90   Section        0  usbd_enum.o(i.serial_string_get)
    i.system_clock_120m_hxtal                0x08001adc   Section        0  system_gd32c10x.o(i.system_clock_120m_hxtal)
    system_clock_120m_hxtal                  0x08001add   Thumb Code   226  system_gd32c10x.o(i.system_clock_120m_hxtal)
    i.system_clock_config                    0x08001bd8   Section        0  system_gd32c10x.o(i.system_clock_config)
    system_clock_config                      0x08001bd9   Thumb Code     8  system_gd32c10x.o(i.system_clock_config)
    i.timer_auto_reload_shadow_enable        0x08001be0   Section        0  gd32c10x_timer.o(i.timer_auto_reload_shadow_enable)
    i.timer_counter_value_config             0x08001bea   Section        0  gd32c10x_timer.o(i.timer_counter_value_config)
    i.timer_deinit                           0x08001bf0   Section        0  gd32c10x_timer.o(i.timer_deinit)
    i.timer_disable                          0x08001d74   Section        0  gd32c10x_timer.o(i.timer_disable)
    i.timer_enable                           0x08001d7e   Section        0  gd32c10x_timer.o(i.timer_enable)
    i.timer_init                             0x08001d88   Section        0  gd32c10x_timer.o(i.timer_init)
    i.timer_interrupt_disable                0x08001e2c   Section        0  gd32c10x_timer.o(i.timer_interrupt_disable)
    i.timer_interrupt_enable                 0x08001e34   Section        0  gd32c10x_timer.o(i.timer_interrupt_enable)
    i.timer_interrupt_flag_clear             0x08001e3c   Section        0  gd32c10x_timer.o(i.timer_interrupt_flag_clear)
    i.timer_interrupt_flag_get               0x08001e42   Section        0  gd32c10x_timer.o(i.timer_interrupt_flag_get)
    i.timer_struct_para_init                 0x08001e5a   Section        0  gd32c10x_timer.o(i.timer_struct_para_init)
    i.usb_basic_init                         0x08001e70   Section        0  drv_usb_core.o(i.usb_basic_init)
    i.usb_clock_active                       0x08001f4a   Section        0  drv_usb_dev.o(i.usb_clock_active)
    i.usb_core_init                          0x08001f6c   Section        0  drv_usb_core.o(i.usb_core_init)
    i.usb_core_reset                         0x08002024   Section        0  drv_usb_core.o(i.usb_core_reset)
    usb_core_reset                           0x08002025   Thumb Code    38  drv_usb_core.o(i.usb_core_reset)
    i.usb_ctlep_startout                     0x0800204c   Section        0  drv_usb_dev.o(i.usb_ctlep_startout)
    i.usb_curmode_set                        0x08002074   Section        0  drv_usb_core.o(i.usb_curmode_set)
    i.usb_devcore_init                       0x080020a4   Section        0  drv_usb_dev.o(i.usb_devcore_init)
    i.usb_devint_enable                      0x080021f4   Section        0  drv_usb_dev.o(i.usb_devint_enable)
    i.usb_iepintr_read                       0x08002234   Section        0  drv_usb_dev.o(i.usb_iepintr_read)
    i.usb_intr_config                        0x0800225e   Section        0  gd32c10x_hw.o(i.usb_intr_config)
    i.usb_mdelay                             0x080022a2   Section        0  gd32c10x_hw.o(i.usb_mdelay)
    i.usb_rcu_config                         0x080022b0   Section        0  gd32c10x_hw.o(i.usb_rcu_config)
    i.usb_rxfifo_flush                       0x0800234c   Section        0  drv_usb_core.o(i.usb_rxfifo_flush)
    i.usb_rxfifo_read                        0x0800236e   Section        0  drv_usb_core.o(i.usb_rxfifo_read)
    i.usb_set_txfifo                         0x0800238c   Section        0  drv_usb_core.o(i.usb_set_txfifo)
    i.usb_timer_init                         0x080023d4   Section        0  gd32c10x_hw.o(i.usb_timer_init)
    i.usb_timer_irq                          0x080023fc   Section        0  gd32c10x_hw.o(i.usb_timer_irq)
    i.usb_transc_active                      0x08002434   Section        0  drv_usb_dev.o(i.usb_transc_active)
    i.usb_transc_clrstall                    0x080024cc   Section        0  drv_usb_dev.o(i.usb_transc_clrstall)
    i.usb_transc_deactivate                  0x08002510   Section        0  drv_usb_dev.o(i.usb_transc_deactivate)
    i.usb_transc_inxfer                      0x08002574   Section        0  drv_usb_dev.o(i.usb_transc_inxfer)
    i.usb_transc_outxfer                     0x08002680   Section        0  drv_usb_dev.o(i.usb_transc_outxfer)
    i.usb_transc_stall                       0x08002710   Section        0  drv_usb_dev.o(i.usb_transc_stall)
    i.usb_txfifo_flush                       0x08002752   Section        0  drv_usb_core.o(i.usb_txfifo_flush)
    i.usb_txfifo_write                       0x0800277a   Section        0  drv_usb_core.o(i.usb_txfifo_write)
    i.usb_udelay                             0x0800279c   Section        0  gd32c10x_hw.o(i.usb_udelay)
    i.usbd_class_request                     0x080027aa   Section        0  usbd_enum.o(i.usbd_class_request)
    i.usbd_connect                           0x080027d0   Section        0  usbd_core.o(i.usbd_connect)
    i.usbd_ctl_recev                         0x080027ec   Section        0  usbd_transc.o(i.usbd_ctl_recev)
    i.usbd_ctl_send                          0x0800281a   Section        0  usbd_transc.o(i.usbd_ctl_send)
    i.usbd_ctl_status_recev                  0x08002848   Section        0  usbd_transc.o(i.usbd_ctl_status_recev)
    i.usbd_ctl_status_send                   0x08002868   Section        0  usbd_transc.o(i.usbd_ctl_status_send)
    i.usbd_disconnect                        0x08002888   Section        0  usbd_core.o(i.usbd_disconnect)
    i.usbd_emptytxfifo_write                 0x080028a4   Section        0  drv_usbd_int.o(i.usbd_emptytxfifo_write)
    usbd_emptytxfifo_write                   0x080028a5   Thumb Code   140  drv_usbd_int.o(i.usbd_emptytxfifo_write)
    i.usbd_enum_error                        0x08002930   Section        0  usbd_enum.o(i.usbd_enum_error)
    i.usbd_ep_clear                          0x0800294e   Section        0  usbd_core.o(i.usbd_ep_clear)
    i.usbd_ep_recev                          0x08002982   Section        0  usbd_core.o(i.usbd_ep_recev)
    i.usbd_ep_send                           0x080029be   Section        0  usbd_core.o(i.usbd_ep_send)
    i.usbd_ep_setup                          0x080029fc   Section        0  usbd_core.o(i.usbd_ep_setup)
    i.usbd_ep_stall                          0x08002a6c   Section        0  usbd_core.o(i.usbd_ep_stall)
    i.usbd_ep_stall_clear                    0x08002aa6   Section        0  usbd_core.o(i.usbd_ep_stall_clear)
    i.usbd_in_transc                         0x08002ae0   Section        0  usbd_transc.o(i.usbd_in_transc)
    i.usbd_init                              0x08002b80   Section        0  usbd_core.o(i.usbd_init)
    i.usbd_int_enumfinish                    0x08002bfc   Section        0  drv_usbd_int.o(i.usbd_int_enumfinish)
    usbd_int_enumfinish                      0x08002bfd   Thumb Code    98  drv_usbd_int.o(i.usbd_int_enumfinish)
    i.usbd_int_epin                          0x08002c64   Section        0  drv_usbd_int.o(i.usbd_int_epin)
    usbd_int_epin                            0x08002c65   Thumb Code   138  drv_usbd_int.o(i.usbd_int_epin)
    i.usbd_int_epout                         0x08002cee   Section        0  drv_usbd_int.o(i.usbd_int_epout)
    usbd_int_epout                           0x08002cef   Thumb Code   206  drv_usbd_int.o(i.usbd_int_epout)
    i.usbd_int_reset                         0x08002dbc   Section        0  drv_usbd_int.o(i.usbd_int_reset)
    usbd_int_reset                           0x08002dbd   Thumb Code   208  drv_usbd_int.o(i.usbd_int_reset)
    i.usbd_int_rxfifo                        0x08002e94   Section        0  drv_usbd_int.o(i.usbd_int_rxfifo)
    usbd_int_rxfifo                          0x08002e95   Thumb Code   178  drv_usbd_int.o(i.usbd_int_rxfifo)
    i.usbd_int_suspend                       0x08002f46   Section        0  drv_usbd_int.o(i.usbd_int_suspend)
    usbd_int_suspend                         0x08002f47   Thumb Code   102  drv_usbd_int.o(i.usbd_int_suspend)
    i.usbd_isr                               0x08002fac   Section        0  drv_usbd_int.o(i.usbd_isr)
    i.usbd_out_transc                        0x0800308a   Section        0  usbd_transc.o(i.usbd_out_transc)
    i.usbd_setup_transc                      0x0800310e   Section        0  usbd_transc.o(i.usbd_setup_transc)
    i.usbd_standard_request                  0x08003194   Section        0  usbd_enum.o(i.usbd_standard_request)
    i.usbd_vendor_request                    0x080031b0   Section        0  usbd_enum.o(i.usbd_vendor_request)
    x$fpl$fpinit                             0x080031b6   Section       10  fpinit.o(x$fpl$fpinit)
    $v0                                      0x080031b6   Number         0  fpinit.o(x$fpl$fpinit)
    .constdata                               0x080031c0   Section      216  gd32c10x_can.o(.constdata)
    timing_pts                               0x080031c8   Data         184  gd32c10x_can.o(.constdata)
    .constdata                               0x08003298   Section        4  drv_usb_dev.o(.constdata)
    EP0_MAXLEN                               0x08003298   Data           4  drv_usb_dev.o(.constdata)
    .constdata                               0x0800329c   Section       60  drv_usbd_int.o(.constdata)
    USB_SPEED                                0x0800329c   Data           4  drv_usbd_int.o(.constdata)
    <Data1>                                  0x080032a0   Data          28  drv_usbd_int.o(.constdata)
    <Data2>                                  0x080032bc   Data          28  drv_usbd_int.o(.constdata)
    .constdata                               0x080032d8   Section       16  usbd_core.o(.constdata)
    .constdata                               0x080032e8   Section      375  cdc_acm_core.o(.constdata)
    usbd_language_id_desc                    0x0800333d   Data           4  cdc_acm_core.o(.constdata)
    manufacturer_string                      0x08003341   Data         130  cdc_acm_core.o(.constdata)
    product_string                           0x080033c3   Data         130  cdc_acm_core.o(.constdata)
    .data                                    0x20000000   Section       12  gd32c10x_hw.o(.data)
    .data                                    0x2000000c   Section        8  drv_usb_dev.o(.data)
    USBFS_TX_FIFO_SIZE                       0x2000000c   Data           8  drv_usb_dev.o(.data)
    .data                                    0x20000014   Section       67  usbd_enum.o(.data)
    _std_dev_req                             0x20000014   Data          52  usbd_enum.o(.data)
    std_desc_get                             0x20000048   Data          12  usbd_enum.o(.data)
    status                                   0x20000054   Data           2  usbd_enum.o(.data)
    config                                   0x20000056   Data           1  usbd_enum.o(.data)
    .data                                    0x20000058   Section      200  cdc_acm_core.o(.data)
    serial_string                            0x2000005d   Data         130  cdc_acm_core.o(.data)
    .data                                    0x20000120   Section       12  bsp.o(.data)
    .bss                                     0x2000012c   Section     1084  app.o(.bss)
    .bss                                     0x20000568   Section       16  gd32c10x_pmu.o(.bss)
    reg_snap                                 0x20000568   Data          16  gd32c10x_pmu.o(.bss)
    .bss                                     0x20000578   Section    10328  cdc_acm_core.o(.bss)
    cdc_handler                              0x20002d78   Data          88  cdc_acm_core.o(.bss)
    .bss                                     0x20002dd0   Section       96  libspace.o(.bss)
    HEAP                                     0x20002e30   Section     1024  startup_gd32c10x.o(HEAP)
    Heap_Mem                                 0x20002e30   Data        1024  startup_gd32c10x.o(HEAP)
    STACK                                    0x20003230   Section     1024  startup_gd32c10x.o(STACK)
    Stack_Mem                                0x20003230   Data        1024  startup_gd32c10x.o(STACK)
    __initial_sp                             0x20003630   Data           0  startup_gd32c10x.o(STACK)

    Global Symbols

    Symbol Name                              Value     Ov Type        Size  Object(Section)

    BuildAttributes$$THM_ISAv4$E$P$D$K$B$S$7EM$VFPi3$EXTD16$VFPS$VFMA$PE$A:L22UL41UL21$X:L11$S22US41US21$IEEE1$IW$USESV6$~STKCKD$USESV7$~SHL$OSPACE$ROPI$EBA8$UX$STANDARDLIB$REQ8$PRES8$EABIv2 0x00000000   Number         0  anon$$obj.o ABSOLUTE
    __ARM_use_no_argv                        0x00000000   Number         0  app.o ABSOLUTE
    __ARM_exceptions_init                     - Undefined Weak Reference
    __alloca_initialize                       - Undefined Weak Reference
    __arm_preinit_                            - Undefined Weak Reference
    __cpp_initialize__aeabi_                  - Undefined Weak Reference
    __cxa_finalize                            - Undefined Weak Reference
    __rt_locale                               - Undefined Weak Reference
    __sigvec_lookup                           - Undefined Weak Reference
    _atexit_init                              - Undefined Weak Reference
    _call_atexit_fns                          - Undefined Weak Reference
    _clock_init                               - Undefined Weak Reference
    _fp_trap_init                             - Undefined Weak Reference
    _fp_trap_shutdown                         - Undefined Weak Reference
    _get_lc_collate                           - Undefined Weak Reference
    _get_lc_ctype                             - Undefined Weak Reference
    _get_lc_monetary                          - Undefined Weak Reference
    _get_lc_numeric                           - Undefined Weak Reference
    _get_lc_time                              - Undefined Weak Reference
    _getenv_init                              - Undefined Weak Reference
    _handle_redirection                       - Undefined Weak Reference
    _init_alloc                               - Undefined Weak Reference
    _init_user_alloc                          - Undefined Weak Reference
    _initio                                   - Undefined Weak Reference
    _rand_init                                - Undefined Weak Reference
    _signal_finish                            - Undefined Weak Reference
    _signal_init                              - Undefined Weak Reference
    _terminate_alloc                          - Undefined Weak Reference
    _terminate_user_alloc                     - Undefined Weak Reference
    _terminateio                              - Undefined Weak Reference
    __Vectors_Size                           0x00000150   Number         0  startup_gd32c10x.o ABSOLUTE
    __Vectors                                0x08000000   Data           4  startup_gd32c10x.o(RESET)
    __Vectors_End                            0x08000150   Data           0  startup_gd32c10x.o(RESET)
    __main                                   0x08000151   Thumb Code     8  __main.o(!!!main)
    __scatterload                            0x08000159   Thumb Code     0  __scatter.o(!!!scatter)
    __scatterload_rt2                        0x08000159   Thumb Code    44  __scatter.o(!!!scatter)
    __scatterload_rt2_thumb_only             0x08000159   Thumb Code     0  __scatter.o(!!!scatter)
    __scatterload_null                       0x08000167   Thumb Code     0  __scatter.o(!!!scatter)
    __decompress                             0x0800018d   Thumb Code    90  __dczerorl2.o(!!dczerorl2)
    __decompress1                            0x0800018d   Thumb Code     0  __dczerorl2.o(!!dczerorl2)
    __scatterload_zeroinit                   0x080001e9   Thumb Code    28  __scatter_zi.o(!!handler_zi)
    __rt_lib_init                            0x08000205   Thumb Code     0  libinit.o(.ARM.Collect$$libinit$$00000000)
    __rt_lib_init_fp_1                       0x08000207   Thumb Code     0  libinit2.o(.ARM.Collect$$libinit$$00000001)
    __rt_lib_init_alloca_1                   0x0800020b   Thumb Code     0  libinit2.o(.ARM.Collect$$libinit$$0000002E)
    __rt_lib_init_argv_1                     0x0800020b   Thumb Code     0  libinit2.o(.ARM.Collect$$libinit$$0000002C)
    __rt_lib_init_atexit_1                   0x0800020b   Thumb Code     0  libinit2.o(.ARM.Collect$$libinit$$0000001B)
    __rt_lib_init_clock_1                    0x0800020b   Thumb Code     0  libinit2.o(.ARM.Collect$$libinit$$00000021)
    __rt_lib_init_cpp_1                      0x0800020b   Thumb Code     0  libinit2.o(.ARM.Collect$$libinit$$00000032)
    __rt_lib_init_exceptions_1               0x0800020b   Thumb Code     0  libinit2.o(.ARM.Collect$$libinit$$00000030)
    __rt_lib_init_fp_trap_1                  0x0800020b   Thumb Code     0  libinit2.o(.ARM.Collect$$libinit$$0000001F)
    __rt_lib_init_getenv_1                   0x0800020b   Thumb Code     0  libinit2.o(.ARM.Collect$$libinit$$00000023)
    __rt_lib_init_heap_1                     0x0800020b   Thumb Code     0  libinit2.o(.ARM.Collect$$libinit$$0000000A)
    __rt_lib_init_lc_collate_1               0x0800020b   Thumb Code     0  libinit2.o(.ARM.Collect$$libinit$$00000011)
    __rt_lib_init_lc_ctype_1                 0x0800020b   Thumb Code     0  libinit2.o(.ARM.Collect$$libinit$$00000013)
    __rt_lib_init_lc_monetary_1              0x0800020b   Thumb Code     0  libinit2.o(.ARM.Collect$$libinit$$00000015)
    __rt_lib_init_lc_numeric_1               0x0800020b   Thumb Code     0  libinit2.o(.ARM.Collect$$libinit$$00000017)
    __rt_lib_init_lc_time_1                  0x0800020b   Thumb Code     0  libinit2.o(.ARM.Collect$$libinit$$00000019)
    __rt_lib_init_preinit_1                  0x0800020b   Thumb Code     0  libinit2.o(.ARM.Collect$$libinit$$00000004)
    __rt_lib_init_rand_1                     0x0800020b   Thumb Code     0  libinit2.o(.ARM.Collect$$libinit$$0000000E)
    __rt_lib_init_return                     0x0800020b   Thumb Code     0  libinit2.o(.ARM.Collect$$libinit$$00000033)
    __rt_lib_init_signal_1                   0x0800020b   Thumb Code     0  libinit2.o(.ARM.Collect$$libinit$$0000001D)
    __rt_lib_init_stdio_1                    0x0800020b   Thumb Code     0  libinit2.o(.ARM.Collect$$libinit$$00000025)
    __rt_lib_init_user_alloc_1               0x0800020b   Thumb Code     0  libinit2.o(.ARM.Collect$$libinit$$0000000C)
    __rt_lib_shutdown                        0x0800020d   Thumb Code     0  libshutdown.o(.ARM.Collect$$libshutdown$$00000000)
    __rt_lib_shutdown_cpp_1                  0x0800020f   Thumb Code     0  libshutdown2.o(.ARM.Collect$$libshutdown$$00000002)
    __rt_lib_shutdown_fp_trap_1              0x0800020f   Thumb Code     0  libshutdown2.o(.ARM.Collect$$libshutdown$$00000007)
    __rt_lib_shutdown_heap_1                 0x0800020f   Thumb Code     0  libshutdown2.o(.ARM.Collect$$libshutdown$$0000000F)
    __rt_lib_shutdown_return                 0x0800020f   Thumb Code     0  libshutdown2.o(.ARM.Collect$$libshutdown$$00000010)
    __rt_lib_shutdown_signal_1               0x0800020f   Thumb Code     0  libshutdown2.o(.ARM.Collect$$libshutdown$$0000000A)
    __rt_lib_shutdown_stdio_1                0x0800020f   Thumb Code     0  libshutdown2.o(.ARM.Collect$$libshutdown$$00000004)
    __rt_lib_shutdown_user_alloc_1           0x0800020f   Thumb Code     0  libshutdown2.o(.ARM.Collect$$libshutdown$$0000000C)
    __rt_entry                               0x08000211   Thumb Code     0  __rtentry.o(.ARM.Collect$$rtentry$$00000000)
    __rt_entry_presh_1                       0x08000211   Thumb Code     0  __rtentry2.o(.ARM.Collect$$rtentry$$00000002)
    __rt_entry_sh                            0x08000211   Thumb Code     0  __rtentry4.o(.ARM.Collect$$rtentry$$00000004)
    __rt_entry_li                            0x08000217   Thumb Code     0  __rtentry2.o(.ARM.Collect$$rtentry$$0000000A)
    __rt_entry_postsh_1                      0x08000217   Thumb Code     0  __rtentry2.o(.ARM.Collect$$rtentry$$00000009)
    __rt_entry_main                          0x0800021b   Thumb Code     0  __rtentry2.o(.ARM.Collect$$rtentry$$0000000D)
    __rt_entry_postli_1                      0x0800021b   Thumb Code     0  __rtentry2.o(.ARM.Collect$$rtentry$$0000000C)
    __rt_exit                                0x08000223   Thumb Code     0  rtexit.o(.ARM.Collect$$rtexit$$00000000)
    __rt_exit_ls                             0x08000225   Thumb Code     0  rtexit2.o(.ARM.Collect$$rtexit$$00000003)
    __rt_exit_prels_1                        0x08000225   Thumb Code     0  rtexit2.o(.ARM.Collect$$rtexit$$00000002)
    __rt_exit_exit                           0x08000229   Thumb Code     0  rtexit2.o(.ARM.Collect$$rtexit$$00000004)
    Reset_Handler                            0x08000231   Thumb Code     8  startup_gd32c10x.o(.text)
    ADC0_1_IRQHandler                        0x0800024b   Thumb Code     0  startup_gd32c10x.o(.text)
    CAN0_EWMC_IRQHandler                     0x0800024b   Thumb Code     0  startup_gd32c10x.o(.text)
    CAN0_RX1_IRQHandler                      0x0800024b   Thumb Code     0  startup_gd32c10x.o(.text)
    CAN0_TX_IRQHandler                       0x0800024b   Thumb Code     0  startup_gd32c10x.o(.text)
    CAN1_EWMC_IRQHandler                     0x0800024b   Thumb Code     0  startup_gd32c10x.o(.text)
    CAN1_RX1_IRQHandler                      0x0800024b   Thumb Code     0  startup_gd32c10x.o(.text)
    CAN1_TX_IRQHandler                       0x0800024b   Thumb Code     0  startup_gd32c10x.o(.text)
    DMA0_Channel0_IRQHandler                 0x0800024b   Thumb Code     0  startup_gd32c10x.o(.text)
    DMA0_Channel1_IRQHandler                 0x0800024b   Thumb Code     0  startup_gd32c10x.o(.text)
    DMA0_Channel2_IRQHandler                 0x0800024b   Thumb Code     0  startup_gd32c10x.o(.text)
    DMA0_Channel3_IRQHandler                 0x0800024b   Thumb Code     0  startup_gd32c10x.o(.text)
    DMA0_Channel4_IRQHandler                 0x0800024b   Thumb Code     0  startup_gd32c10x.o(.text)
    DMA0_Channel5_IRQHandler                 0x0800024b   Thumb Code     0  startup_gd32c10x.o(.text)
    DMA0_Channel6_IRQHandler                 0x0800024b   Thumb Code     0  startup_gd32c10x.o(.text)
    DMA1_Channel0_IRQHandler                 0x0800024b   Thumb Code     0  startup_gd32c10x.o(.text)
    DMA1_Channel1_IRQHandler                 0x0800024b   Thumb Code     0  startup_gd32c10x.o(.text)
    DMA1_Channel2_IRQHandler                 0x0800024b   Thumb Code     0  startup_gd32c10x.o(.text)
    DMA1_Channel3_IRQHandler                 0x0800024b   Thumb Code     0  startup_gd32c10x.o(.text)
    DMA1_Channel4_IRQHandler                 0x0800024b   Thumb Code     0  startup_gd32c10x.o(.text)
    EXMC_IRQHandler                          0x0800024b   Thumb Code     0  startup_gd32c10x.o(.text)
    EXTI0_IRQHandler                         0x0800024b   Thumb Code     0  startup_gd32c10x.o(.text)
    EXTI10_15_IRQHandler                     0x0800024b   Thumb Code     0  startup_gd32c10x.o(.text)
    EXTI1_IRQHandler                         0x0800024b   Thumb Code     0  startup_gd32c10x.o(.text)
    EXTI2_IRQHandler                         0x0800024b   Thumb Code     0  startup_gd32c10x.o(.text)
    EXTI3_IRQHandler                         0x0800024b   Thumb Code     0  startup_gd32c10x.o(.text)
    EXTI4_IRQHandler                         0x0800024b   Thumb Code     0  startup_gd32c10x.o(.text)
    EXTI5_9_IRQHandler                       0x0800024b   Thumb Code     0  startup_gd32c10x.o(.text)
    FMC_IRQHandler                           0x0800024b   Thumb Code     0  startup_gd32c10x.o(.text)
    I2C0_ER_IRQHandler                       0x0800024b   Thumb Code     0  startup_gd32c10x.o(.text)
    I2C0_EV_IRQHandler                       0x0800024b   Thumb Code     0  startup_gd32c10x.o(.text)
    I2C1_ER_IRQHandler                       0x0800024b   Thumb Code     0  startup_gd32c10x.o(.text)
    I2C1_EV_IRQHandler                       0x0800024b   Thumb Code     0  startup_gd32c10x.o(.text)
    LVD_IRQHandler                           0x0800024b   Thumb Code     0  startup_gd32c10x.o(.text)
    RCU_CTC_IRQHandler                       0x0800024b   Thumb Code     0  startup_gd32c10x.o(.text)
    RTC_Alarm_IRQHandler                     0x0800024b   Thumb Code     0  startup_gd32c10x.o(.text)
    RTC_IRQHandler                           0x0800024b   Thumb Code     0  startup_gd32c10x.o(.text)
    SPI0_IRQHandler                          0x0800024b   Thumb Code     0  startup_gd32c10x.o(.text)
    SPI1_IRQHandler                          0x0800024b   Thumb Code     0  startup_gd32c10x.o(.text)
    SPI2_IRQHandler                          0x0800024b   Thumb Code     0  startup_gd32c10x.o(.text)
    TAMPER_IRQHandler                        0x0800024b   Thumb Code     0  startup_gd32c10x.o(.text)
    TIMER0_BRK_TIMER8_IRQHandler             0x0800024b   Thumb Code     0  startup_gd32c10x.o(.text)
    TIMER0_Channel_IRQHandler                0x0800024b   Thumb Code     0  startup_gd32c10x.o(.text)
    TIMER0_TRG_CMT_TIMER10_IRQHandler        0x0800024b   Thumb Code     0  startup_gd32c10x.o(.text)
    TIMER0_UP_TIMER9_IRQHandler              0x0800024b   Thumb Code     0  startup_gd32c10x.o(.text)
    TIMER1_IRQHandler                        0x0800024b   Thumb Code     0  startup_gd32c10x.o(.text)
    TIMER3_IRQHandler                        0x0800024b   Thumb Code     0  startup_gd32c10x.o(.text)
    TIMER4_IRQHandler                        0x0800024b   Thumb Code     0  startup_gd32c10x.o(.text)
    TIMER7_BRK_TIMER11_IRQHandler            0x0800024b   Thumb Code     0  startup_gd32c10x.o(.text)
    TIMER7_Channel_IRQHandler                0x0800024b   Thumb Code     0  startup_gd32c10x.o(.text)
    TIMER7_TRG_CMT_TIMER13_IRQHandler        0x0800024b   Thumb Code     0  startup_gd32c10x.o(.text)
    TIMER7_UP_TIMER12_IRQHandler             0x0800024b   Thumb Code     0  startup_gd32c10x.o(.text)
    UART3_IRQHandler                         0x0800024b   Thumb Code     0  startup_gd32c10x.o(.text)
    UART4_IRQHandler                         0x0800024b   Thumb Code     0  startup_gd32c10x.o(.text)
    USART0_IRQHandler                        0x0800024b   Thumb Code     0  startup_gd32c10x.o(.text)
    USART1_IRQHandler                        0x0800024b   Thumb Code     0  startup_gd32c10x.o(.text)
    USART2_IRQHandler                        0x0800024b   Thumb Code     0  startup_gd32c10x.o(.text)
    WWDGT_IRQHandler                         0x0800024b   Thumb Code     0  startup_gd32c10x.o(.text)
    __user_initial_stackheap                 0x0800024d   Thumb Code    10  startup_gd32c10x.o(.text)
    __aeabi_memcpy4                          0x08000271   Thumb Code     0  rt_memcpy_w.o(.text)
    __aeabi_memcpy8                          0x08000271   Thumb Code     0  rt_memcpy_w.o(.text)
    __rt_memcpy_w                            0x08000271   Thumb Code   100  rt_memcpy_w.o(.text)
    _memcpy_lastbytes_aligned                0x080002b9   Thumb Code     0  rt_memcpy_w.o(.text)
    __aeabi_memclr4                          0x080002d5   Thumb Code     0  rt_memclr_w.o(.text)
    __aeabi_memclr8                          0x080002d5   Thumb Code     0  rt_memclr_w.o(.text)
    __rt_memclr_w                            0x080002d5   Thumb Code    78  rt_memclr_w.o(.text)
    _memset_w                                0x080002d9   Thumb Code     0  rt_memclr_w.o(.text)
    __use_two_region_memory                  0x08000323   Thumb Code     2  heapauxi.o(.text)
    __rt_heap_escrow$2region                 0x08000325   Thumb Code     2  heapauxi.o(.text)
    __rt_heap_expand$2region                 0x08000327   Thumb Code     2  heapauxi.o(.text)
    __user_setup_stackheap                   0x08000329   Thumb Code    74  sys_stackheap_outer.o(.text)
    exit                                     0x08000373   Thumb Code    18  exit.o(.text)
    __user_libspace                          0x08000385   Thumb Code     8  libspace.o(.text)
    __user_perproc_libspace                  0x08000385   Thumb Code     0  libspace.o(.text)
    __user_perthread_libspace                0x08000385   Thumb Code     0  libspace.o(.text)
    _sys_exit                                0x0800038d   Thumb Code     8  sys_exit.o(.text)
    __I$use$semihosting                      0x08000399   Thumb Code     0  use_no_semi.o(.text)
    __use_no_semihosting_swi                 0x08000399   Thumb Code     2  use_no_semi.o(.text)
    BusFault_Handler                         0x0800039b   Thumb Code     4  gd32c10x_it.o(i.BusFault_Handler)
    __semihosting_library_function           0x0800039b   Thumb Code     0  indicate_semi.o(.text)
    CAN0_RX0_IRQHandler                      0x080003a1   Thumb Code    18  gd32c10x_it.o(i.CAN0_RX0_IRQHandler)
    CAN1_RX0_IRQHandler                      0x080003b9   Thumb Code    18  gd32c10x_it.o(i.CAN1_RX0_IRQHandler)
    DebugMon_Handler                         0x080003d1   Thumb Code     2  gd32c10x_it.o(i.DebugMon_Handler)
    HardFault_Handler                        0x080003d3   Thumb Code     4  gd32c10x_it.o(i.HardFault_Handler)
    LenInit                                  0x080003d9   Thumb Code    56  bsp.o(i.LenInit)
    MemManage_Handler                        0x08000415   Thumb Code     4  gd32c10x_it.o(i.MemManage_Handler)
    NMI_Handler                              0x08000419   Thumb Code     2  gd32c10x_it.o(i.NMI_Handler)
    PendSV_Handler                           0x0800041b   Thumb Code     2  gd32c10x_it.o(i.PendSV_Handler)
    SVC_Handler                              0x0800041d   Thumb Code     2  gd32c10x_it.o(i.SVC_Handler)
    SendUsbDate                              0x0800041f   Thumb Code    40  cdc_acm_core.o(i.SendUsbDate)
    SysTick_Handler                          0x08000447   Thumb Code     2  gd32c10x_it.o(i.SysTick_Handler)
    SystemInit                               0x08000449   Thumb Code   150  system_gd32c10x.o(i.SystemInit)
    TIM5_config                              0x080004ed   Thumb Code   100  timer.o(i.TIM5_config)
    TIM6_config                              0x08000559   Thumb Code   100  timer.o(i.TIM6_config)
    TIMER2_IRQHandler                        0x080005c5   Thumb Code     8  gd32c10x_it.o(i.TIMER2_IRQHandler)
    TIMER5_IRQHandler                        0x080005cd   Thumb Code    46  gd32c10x_it.o(i.TIMER5_IRQHandler)
    TIMER6_IRQHandler                        0x08000605   Thumb Code    46  gd32c10x_it.o(i.TIMER6_IRQHandler)
    USBFS_IRQHandler                         0x0800063d   Thumb Code    10  gd32c10x_it.o(i.USBFS_IRQHandler)
    USBFS_WKUP_IRQHandler                    0x0800064d   Thumb Code    44  gd32c10x_it.o(i.USBFS_WKUP_IRQHandler)
    UsageFault_Handler                       0x08000681   Thumb Code     4  gd32c10x_it.o(i.UsageFault_Handler)
    can_message_receive                      0x08000b79   Thumb Code   448  gd32c10x_can.o(i.can_message_receive)
    can_struct_para_init                     0x08000d3d   Thumb Code   226  gd32c10x_can.o(i.can_struct_para_init)
    cdc_acm_check_ready                      0x08000e1f   Thumb Code    34  cdc_acm_core.o(i.cdc_acm_check_ready)
    cdc_acm_data_receive                     0x08000e41   Thumb Code    28  cdc_acm_core.o(i.cdc_acm_data_receive)
    ctc_clock_limit_value_config             0x080010d1   Thumb Code    24  gd32c10x_ctc.o(i.ctc_clock_limit_value_config)
    ctc_config                               0x080010ed   Thumb Code    48  gd32c10x_hw.o(i.ctc_config)
    ctc_counter_enable                       0x0800111d   Thumb Code    14  gd32c10x_ctc.o(i.ctc_counter_enable)
    ctc_counter_reload_value_config          0x08001131   Thumb Code    22  gd32c10x_ctc.o(i.ctc_counter_reload_value_config)
    ctc_flag_get                             0x0800114d   Thumb Code    18  gd32c10x_ctc.o(i.ctc_flag_get)
    ctc_hardware_trim_mode_config            0x08001165   Thumb Code    22  gd32c10x_ctc.o(i.ctc_hardware_trim_mode_config)
    ctc_refsource_polarity_config            0x08001181   Thumb Code    22  gd32c10x_ctc.o(i.ctc_refsource_polarity_config)
    ctc_refsource_prescaler_config           0x0800119d   Thumb Code    22  gd32c10x_ctc.o(i.ctc_refsource_prescaler_config)
    ctc_refsource_signal_select              0x080011b9   Thumb Code    22  gd32c10x_ctc.o(i.ctc_refsource_signal_select)
    exti_init                                0x080011d5   Thumb Code   178  gd32c10x_exti.o(i.exti_init)
    exti_interrupt_enable                    0x0800128d   Thumb Code    12  gd32c10x_exti.o(i.exti_interrupt_enable)
    exti_interrupt_flag_clear                0x0800129d   Thumb Code     6  gd32c10x_exti.o(i.exti_interrupt_flag_clear)
    gpio_bit_reset                           0x080012a9   Thumb Code     4  gd32c10x_gpio.o(i.gpio_bit_reset)
    gpio_bit_set                             0x080012ad   Thumb Code     4  gd32c10x_gpio.o(i.gpio_bit_set)
    gpio_init                                0x080012b1   Thumb Code   188  gd32c10x_gpio.o(i.gpio_init)
    int_to_unicode                           0x08001409   Thumb Code    60  usbd_enum.o(i.int_to_unicode)
    main                                     0x08001445   Thumb Code   218  app.o(i.main)
    nvic_irq_enable                          0x08001541   Thumb Code   162  gd32c10x_misc.o(i.nvic_irq_enable)
    nvic_priority_group_set                  0x080015ed   Thumb Code    10  gd32c10x_misc.o(i.nvic_priority_group_set)
    nvic_vector_table_set                    0x08001601   Thumb Code    16  gd32c10x_misc.o(i.nvic_vector_table_set)
    pmu_to_deepsleepmode                     0x08001619   Thumb Code   170  gd32c10x_pmu.o(i.pmu_to_deepsleepmode)
    rcu_ck48m_clock_config                   0x080016dd   Thumb Code    22  gd32c10x_rcu.o(i.rcu_ck48m_clock_config)
    rcu_clock_freq_get                       0x080016f9   Thumb Code   352  gd32c10x_rcu.o(i.rcu_clock_freq_get)
    rcu_flag_get                             0x08001879   Thumb Code    30  gd32c10x_rcu.o(i.rcu_flag_get)
    rcu_osci_on                              0x0800189d   Thumb Code    28  gd32c10x_rcu.o(i.rcu_osci_on)
    rcu_osci_stab_wait                       0x080018bd   Thumb Code   342  gd32c10x_rcu.o(i.rcu_osci_stab_wait)
    rcu_periph_clock_enable                  0x08001a19   Thumb Code    28  gd32c10x_rcu.o(i.rcu_periph_clock_enable)
    rcu_periph_reset_disable                 0x08001a39   Thumb Code    28  gd32c10x_rcu.o(i.rcu_periph_reset_disable)
    rcu_periph_reset_enable                  0x08001a59   Thumb Code    28  gd32c10x_rcu.o(i.rcu_periph_reset_enable)
    rcu_usb_clock_config                     0x08001a79   Thumb Code    18  gd32c10x_rcu.o(i.rcu_usb_clock_config)
    serial_string_get                        0x08001a91   Thumb Code    66  usbd_enum.o(i.serial_string_get)
    timer_auto_reload_shadow_enable          0x08001be1   Thumb Code    10  gd32c10x_timer.o(i.timer_auto_reload_shadow_enable)
    timer_counter_value_config               0x08001beb   Thumb Code     4  gd32c10x_timer.o(i.timer_counter_value_config)
    timer_deinit                             0x08001bf1   Thumb Code   374  gd32c10x_timer.o(i.timer_deinit)
    timer_disable                            0x08001d75   Thumb Code    10  gd32c10x_timer.o(i.timer_disable)
    timer_enable                             0x08001d7f   Thumb Code    10  gd32c10x_timer.o(i.timer_enable)
    timer_init                               0x08001d89   Thumb Code   134  gd32c10x_timer.o(i.timer_init)
    timer_interrupt_disable                  0x08001e2d   Thumb Code     8  gd32c10x_timer.o(i.timer_interrupt_disable)
    timer_interrupt_enable                   0x08001e35   Thumb Code     8  gd32c10x_timer.o(i.timer_interrupt_enable)
    timer_interrupt_flag_clear               0x08001e3d   Thumb Code     6  gd32c10x_timer.o(i.timer_interrupt_flag_clear)
    timer_interrupt_flag_get                 0x08001e43   Thumb Code    24  gd32c10x_timer.o(i.timer_interrupt_flag_get)
    timer_struct_para_init                   0x08001e5b   Thumb Code    22  gd32c10x_timer.o(i.timer_struct_para_init)
    usb_basic_init                           0x08001e71   Thumb Code   218  drv_usb_core.o(i.usb_basic_init)
    usb_clock_active                         0x08001f4b   Thumb Code    32  drv_usb_dev.o(i.usb_clock_active)
    usb_core_init                            0x08001f6d   Thumb Code   178  drv_usb_core.o(i.usb_core_init)
    usb_ctlep_startout                       0x0800204d   Thumb Code    34  drv_usb_dev.o(i.usb_ctlep_startout)
    usb_curmode_set                          0x08002075   Thumb Code    46  drv_usb_core.o(i.usb_curmode_set)
    usb_devcore_init                         0x080020a5   Thumb Code   330  drv_usb_dev.o(i.usb_devcore_init)
    usb_devint_enable                        0x080021f5   Thumb Code    56  drv_usb_dev.o(i.usb_devint_enable)
    usb_iepintr_read                         0x08002235   Thumb Code    42  drv_usb_dev.o(i.usb_iepintr_read)
    usb_intr_config                          0x0800225f   Thumb Code    68  gd32c10x_hw.o(i.usb_intr_config)
    usb_mdelay                               0x080022a3   Thumb Code    14  gd32c10x_hw.o(i.usb_mdelay)
    usb_rcu_config                           0x080022b1   Thumb Code   130  gd32c10x_hw.o(i.usb_rcu_config)
    usb_rxfifo_flush                         0x0800234d   Thumb Code    34  drv_usb_core.o(i.usb_rxfifo_flush)
    usb_rxfifo_read                          0x0800236f   Thumb Code    30  drv_usb_core.o(i.usb_rxfifo_read)
    usb_set_txfifo                           0x0800238d   Thumb Code    72  drv_usb_core.o(i.usb_set_txfifo)
    usb_timer_init                           0x080023d5   Thumb Code    40  gd32c10x_hw.o(i.usb_timer_init)
    usb_timer_irq                            0x080023fd   Thumb Code    46  gd32c10x_hw.o(i.usb_timer_irq)
    usb_transc_active                        0x08002435   Thumb Code   142  drv_usb_dev.o(i.usb_transc_active)
    usb_transc_clrstall                      0x080024cd   Thumb Code    68  drv_usb_dev.o(i.usb_transc_clrstall)
    usb_transc_deactivate                    0x08002511   Thumb Code   100  drv_usb_dev.o(i.usb_transc_deactivate)
    usb_transc_inxfer                        0x08002575   Thumb Code   268  drv_usb_dev.o(i.usb_transc_inxfer)
    usb_transc_outxfer                       0x08002681   Thumb Code   144  drv_usb_dev.o(i.usb_transc_outxfer)
    usb_transc_stall                         0x08002711   Thumb Code    66  drv_usb_dev.o(i.usb_transc_stall)
    usb_txfifo_flush                         0x08002753   Thumb Code    40  drv_usb_core.o(i.usb_txfifo_flush)
    usb_txfifo_write                         0x0800277b   Thumb Code    34  drv_usb_core.o(i.usb_txfifo_write)
    usb_udelay                               0x0800279d   Thumb Code    14  gd32c10x_hw.o(i.usb_udelay)
    usbd_class_request                       0x080027ab   Thumb Code    38  usbd_enum.o(i.usbd_class_request)
    usbd_connect                             0x080027d1   Thumb Code    28  usbd_core.o(i.usbd_connect)
    usbd_ctl_recev                           0x080027ed   Thumb Code    46  usbd_transc.o(i.usbd_ctl_recev)
    usbd_ctl_send                            0x0800281b   Thumb Code    46  usbd_transc.o(i.usbd_ctl_send)
    usbd_ctl_status_recev                    0x08002849   Thumb Code    32  usbd_transc.o(i.usbd_ctl_status_recev)
    usbd_ctl_status_send                     0x08002869   Thumb Code    32  usbd_transc.o(i.usbd_ctl_status_send)
    usbd_disconnect                          0x08002889   Thumb Code    28  usbd_core.o(i.usbd_disconnect)
    usbd_enum_error                          0x08002931   Thumb Code    30  usbd_enum.o(i.usbd_enum_error)
    usbd_ep_clear                            0x0800294f   Thumb Code    52  usbd_core.o(i.usbd_ep_clear)
    usbd_ep_recev                            0x08002983   Thumb Code    60  usbd_core.o(i.usbd_ep_recev)
    usbd_ep_send                             0x080029bf   Thumb Code    60  usbd_core.o(i.usbd_ep_send)
    usbd_ep_setup                            0x080029fd   Thumb Code   106  usbd_core.o(i.usbd_ep_setup)
    usbd_ep_stall                            0x08002a6d   Thumb Code    58  usbd_core.o(i.usbd_ep_stall)
    usbd_ep_stall_clear                      0x08002aa7   Thumb Code    58  usbd_core.o(i.usbd_ep_stall_clear)
    usbd_in_transc                           0x08002ae1   Thumb Code   160  usbd_transc.o(i.usbd_in_transc)
    usbd_init                                0x08002b81   Thumb Code   124  usbd_core.o(i.usbd_init)
    usbd_isr                                 0x08002fad   Thumb Code   222  drv_usbd_int.o(i.usbd_isr)
    usbd_out_transc                          0x0800308b   Thumb Code   132  usbd_transc.o(i.usbd_out_transc)
    usbd_setup_transc                        0x0800310f   Thumb Code   132  usbd_transc.o(i.usbd_setup_transc)
    usbd_standard_request                    0x08003195   Thumb Code    22  usbd_enum.o(i.usbd_standard_request)
    usbd_vendor_request                      0x080031b1   Thumb Code     6  usbd_enum.o(i.usbd_vendor_request)
    _fp_init                                 0x080031b7   Thumb Code    10  fpinit.o(x$fpl$fpinit)
    __fplib_config_fpu_vfp                   0x080031bf   Thumb Code     0  fpinit.o(x$fpl$fpinit)
    __fplib_config_pureend_doubles           0x080031bf   Thumb Code     0  fpinit.o(x$fpl$fpinit)
    g_can_fdlength_table                     0x080031c0   Data           7  gd32c10x_can.o(.constdata)
    ep_type                                  0x080032d8   Data          16  usbd_core.o(.constdata)
    cdc_dev_desc                             0x080032e8   Data          18  cdc_acm_core.o(.constdata)
    cdc_config_desc                          0x080032fa   Data          67  cdc_acm_core.o(.constdata)
    usbd_cdc_strings                         0x08003448   Data          16  cdc_acm_core.o(.constdata)
    Region$$Table$$Base                      0x08003460   Number         0  anon$$obj.o(Region$$Table)
    Region$$Table$$Limit                     0x08003480   Number         0  anon$$obj.o(Region$$Table)
    delay_time                               0x20000000   Data           4  gd32c10x_hw.o(.data)
    timer_prescaler                          0x20000004   Data           2  gd32c10x_hw.o(.data)
    usbfs_prescaler                          0x20000008   Data           4  gd32c10x_hw.o(.data)
    iUsbLen                                  0x20000058   Data           2  cdc_acm_core.o(.data)
    iUsbLenPre                               0x2000005a   Data           2  cdc_acm_core.o(.data)
    iUsbFlag                                 0x2000005c   Data           1  cdc_acm_core.o(.data)
    cdc_desc                                 0x200000e0   Data          16  cdc_acm_core.o(.data)
    cdc_class                                0x200000f0   Data          48  cdc_acm_core.o(.data)
    iTimeCmt                                 0x20000120   Data           4  bsp.o(.data)
    iTime5Cmt                                0x20000124   Data           4  bsp.o(.data)
    iTime6Cmt                                0x20000128   Data           4  bsp.o(.data)
    cdc_acm                                  0x2000012c   Data        1084  app.o(.bss)
    iUsbBuf                                  0x20000578   Data       10240  cdc_acm_core.o(.bss)
    __libspace_start                         0x20002dd0   Data          96  libspace.o(.bss)
    __temporary_stack_top$libspace           0x20002e30   Data           0  libspace.o(.bss)



==============================================================================

Memory Map of the image

  Image Entry point : 0x08000151

  Load Region LR_IROM1 (Base: 0x08000000, Size: 0x000035ac, Max: 0x00020000, ABSOLUTE, COMPRESSED[0x000034e4])

    Execution Region ER_IROM1 (Exec base: 0x08000000, Load base: 0x08000000, Size: 0x00003480, Max: 0x00020000, ABSOLUTE)

    Exec Addr    Load Addr    Size         Type   Attr      Idx    E Section Name        Object

    0x08000000   0x08000000   0x00000150   Data   RO         4651    RESET               startup_gd32c10x.o
    0x08000150   0x08000150   0x00000008   Code   RO         4863  * !!!main             c_w.l(__main.o)
    0x08000158   0x08000158   0x00000034   Code   RO         5022    !!!scatter          c_w.l(__scatter.o)
    0x0800018c   0x0800018c   0x0000005a   Code   RO         5020    !!dczerorl2         c_w.l(__dczerorl2.o)
    0x080001e6   0x080001e6   0x00000002   PAD
    0x080001e8   0x080001e8   0x0000001c   Code   RO         5024    !!handler_zi        c_w.l(__scatter_zi.o)
    0x08000204   0x08000204   0x00000002   Code   RO         4890    .ARM.Collect$$libinit$$00000000  c_w.l(libinit.o)
    0x08000206   0x08000206   0x00000004   Code   RO         4896    .ARM.Collect$$libinit$$00000001  c_w.l(libinit2.o)
    0x0800020a   0x0800020a   0x00000000   Code   RO         4899    .ARM.Collect$$libinit$$00000004  c_w.l(libinit2.o)
    0x0800020a   0x0800020a   0x00000000   Code   RO         4902    .ARM.Collect$$libinit$$0000000A  c_w.l(libinit2.o)
    0x0800020a   0x0800020a   0x00000000   Code   RO         4904    .ARM.Collect$$libinit$$0000000C  c_w.l(libinit2.o)
    0x0800020a   0x0800020a   0x00000000   Code   RO         4906    .ARM.Collect$$libinit$$0000000E  c_w.l(libinit2.o)
    0x0800020a   0x0800020a   0x00000000   Code   RO         4909    .ARM.Collect$$libinit$$00000011  c_w.l(libinit2.o)
    0x0800020a   0x0800020a   0x00000000   Code   RO         4911    .ARM.Collect$$libinit$$00000013  c_w.l(libinit2.o)
    0x0800020a   0x0800020a   0x00000000   Code   RO         4913    .ARM.Collect$$libinit$$00000015  c_w.l(libinit2.o)
    0x0800020a   0x0800020a   0x00000000   Code   RO         4915    .ARM.Collect$$libinit$$00000017  c_w.l(libinit2.o)
    0x0800020a   0x0800020a   0x00000000   Code   RO         4917    .ARM.Collect$$libinit$$00000019  c_w.l(libinit2.o)
    0x0800020a   0x0800020a   0x00000000   Code   RO         4919    .ARM.Collect$$libinit$$0000001B  c_w.l(libinit2.o)
    0x0800020a   0x0800020a   0x00000000   Code   RO         4921    .ARM.Collect$$libinit$$0000001D  c_w.l(libinit2.o)
    0x0800020a   0x0800020a   0x00000000   Code   RO         4923    .ARM.Collect$$libinit$$0000001F  c_w.l(libinit2.o)
    0x0800020a   0x0800020a   0x00000000   Code   RO         4925    .ARM.Collect$$libinit$$00000021  c_w.l(libinit2.o)
    0x0800020a   0x0800020a   0x00000000   Code   RO         4927    .ARM.Collect$$libinit$$00000023  c_w.l(libinit2.o)
    0x0800020a   0x0800020a   0x00000000   Code   RO         4929    .ARM.Collect$$libinit$$00000025  c_w.l(libinit2.o)
    0x0800020a   0x0800020a   0x00000000   Code   RO         4933    .ARM.Collect$$libinit$$0000002C  c_w.l(libinit2.o)
    0x0800020a   0x0800020a   0x00000000   Code   RO         4935    .ARM.Collect$$libinit$$0000002E  c_w.l(libinit2.o)
    0x0800020a   0x0800020a   0x00000000   Code   RO         4937    .ARM.Collect$$libinit$$00000030  c_w.l(libinit2.o)
    0x0800020a   0x0800020a   0x00000000   Code   RO         4939    .ARM.Collect$$libinit$$00000032  c_w.l(libinit2.o)
    0x0800020a   0x0800020a   0x00000002   Code   RO         4940    .ARM.Collect$$libinit$$00000033  c_w.l(libinit2.o)
    0x0800020c   0x0800020c   0x00000002   Code   RO         4960    .ARM.Collect$$libshutdown$$00000000  c_w.l(libshutdown.o)
    0x0800020e   0x0800020e   0x00000000   Code   RO         4973    .ARM.Collect$$libshutdown$$00000002  c_w.l(libshutdown2.o)
    0x0800020e   0x0800020e   0x00000000   Code   RO         4975    .ARM.Collect$$libshutdown$$00000004  c_w.l(libshutdown2.o)
    0x0800020e   0x0800020e   0x00000000   Code   RO         4978    .ARM.Collect$$libshutdown$$00000007  c_w.l(libshutdown2.o)
    0x0800020e   0x0800020e   0x00000000   Code   RO         4981    .ARM.Collect$$libshutdown$$0000000A  c_w.l(libshutdown2.o)
    0x0800020e   0x0800020e   0x00000000   Code   RO         4983    .ARM.Collect$$libshutdown$$0000000C  c_w.l(libshutdown2.o)
    0x0800020e   0x0800020e   0x00000000   Code   RO         4986    .ARM.Collect$$libshutdown$$0000000F  c_w.l(libshutdown2.o)
    0x0800020e   0x0800020e   0x00000002   Code   RO         4987    .ARM.Collect$$libshutdown$$00000010  c_w.l(libshutdown2.o)
    0x08000210   0x08000210   0x00000000   Code   RO         4865    .ARM.Collect$$rtentry$$00000000  c_w.l(__rtentry.o)
    0x08000210   0x08000210   0x00000000   Code   RO         4867    .ARM.Collect$$rtentry$$00000002  c_w.l(__rtentry2.o)
    0x08000210   0x08000210   0x00000006   Code   RO         4879    .ARM.Collect$$rtentry$$00000004  c_w.l(__rtentry4.o)
    0x08000216   0x08000216   0x00000000   Code   RO         4869    .ARM.Collect$$rtentry$$00000009  c_w.l(__rtentry2.o)
    0x08000216   0x08000216   0x00000004   Code   RO         4870    .ARM.Collect$$rtentry$$0000000A  c_w.l(__rtentry2.o)
    0x0800021a   0x0800021a   0x00000000   Code   RO         4872    .ARM.Collect$$rtentry$$0000000C  c_w.l(__rtentry2.o)
    0x0800021a   0x0800021a   0x00000008   Code   RO         4873    .ARM.Collect$$rtentry$$0000000D  c_w.l(__rtentry2.o)
    0x08000222   0x08000222   0x00000002   Code   RO         4894    .ARM.Collect$$rtexit$$00000000  c_w.l(rtexit.o)
    0x08000224   0x08000224   0x00000000   Code   RO         4942    .ARM.Collect$$rtexit$$00000002  c_w.l(rtexit2.o)
    0x08000224   0x08000224   0x00000004   Code   RO         4943    .ARM.Collect$$rtexit$$00000003  c_w.l(rtexit2.o)
    0x08000228   0x08000228   0x00000006   Code   RO         4944    .ARM.Collect$$rtexit$$00000004  c_w.l(rtexit2.o)
    0x0800022e   0x0800022e   0x00000002   PAD
    0x08000230   0x08000230   0x00000040   Code   RO         4652    .text               startup_gd32c10x.o
    0x08000270   0x08000270   0x00000064   Code   RO         4857    .text               c_w.l(rt_memcpy_w.o)
    0x080002d4   0x080002d4   0x0000004e   Code   RO         4859    .text               c_w.l(rt_memclr_w.o)
    0x08000322   0x08000322   0x00000006   Code   RO         4861    .text               c_w.l(heapauxi.o)
    0x08000328   0x08000328   0x0000004a   Code   RO         4881    .text               c_w.l(sys_stackheap_outer.o)
    0x08000372   0x08000372   0x00000012   Code   RO         4883    .text               c_w.l(exit.o)
    0x08000384   0x08000384   0x00000008   Code   RO         4891    .text               c_w.l(libspace.o)
    0x0800038c   0x0800038c   0x0000000c   Code   RO         4952    .text               c_w.l(sys_exit.o)
    0x08000398   0x08000398   0x00000002   Code   RO         4963    .text               c_w.l(use_no_semi.o)
    0x0800039a   0x0800039a   0x00000000   Code   RO         4965    .text               c_w.l(indicate_semi.o)
    0x0800039a   0x0800039a   0x00000004   Code   RO          252    i.BusFault_Handler  gd32c10x_it.o
    0x0800039e   0x0800039e   0x00000002   PAD
    0x080003a0   0x080003a0   0x00000018   Code   RO          253    i.CAN0_RX0_IRQHandler  gd32c10x_it.o
    0x080003b8   0x080003b8   0x00000018   Code   RO          254    i.CAN1_RX0_IRQHandler  gd32c10x_it.o
    0x080003d0   0x080003d0   0x00000002   Code   RO          255    i.DebugMon_Handler  gd32c10x_it.o
    0x080003d2   0x080003d2   0x00000004   Code   RO          256    i.HardFault_Handler  gd32c10x_it.o
    0x080003d6   0x080003d6   0x00000002   PAD
    0x080003d8   0x080003d8   0x0000003c   Code   RO         4658    i.LenInit           bsp.o
    0x08000414   0x08000414   0x00000004   Code   RO          257    i.MemManage_Handler  gd32c10x_it.o
    0x08000418   0x08000418   0x00000002   Code   RO          258    i.NMI_Handler       gd32c10x_it.o
    0x0800041a   0x0800041a   0x00000002   Code   RO          259    i.PendSV_Handler    gd32c10x_it.o
    0x0800041c   0x0800041c   0x00000002   Code   RO          260    i.SVC_Handler       gd32c10x_it.o
    0x0800041e   0x0800041e   0x00000028   Code   RO         4575    i.SendUsbDate       cdc_acm_core.o
    0x08000446   0x08000446   0x00000002   Code   RO          261    i.SysTick_Handler   gd32c10x_it.o
    0x08000448   0x08000448   0x000000a4   Code   RO          374    i.SystemInit        system_gd32c10x.o
    0x080004ec   0x080004ec   0x0000006c   Code   RO         4800    i.TIM5_config       timer.o
    0x08000558   0x08000558   0x0000006c   Code   RO         4801    i.TIM6_config       timer.o
    0x080005c4   0x080005c4   0x00000008   Code   RO          262    i.TIMER2_IRQHandler  gd32c10x_it.o
    0x080005cc   0x080005cc   0x00000038   Code   RO          263    i.TIMER5_IRQHandler  gd32c10x_it.o
    0x08000604   0x08000604   0x00000038   Code   RO          264    i.TIMER6_IRQHandler  gd32c10x_it.o
    0x0800063c   0x0800063c   0x00000010   Code   RO          265    i.USBFS_IRQHandler  gd32c10x_it.o
    0x0800064c   0x0800064c   0x00000034   Code   RO          266    i.USBFS_WKUP_IRQHandler  gd32c10x_it.o
    0x08000680   0x08000680   0x00000004   Code   RO          267    i.UsageFault_Handler  gd32c10x_it.o
    0x08000684   0x08000684   0x00000014   Code   RO         4381    i._usb_bos_desc_get  usbd_enum.o
    0x08000698   0x08000698   0x00000022   Code   RO         4382    i._usb_config_desc_get  usbd_enum.o
    0x080006ba   0x080006ba   0x00000014   Code   RO         4383    i._usb_dev_desc_get  usbd_enum.o
    0x080006ce   0x080006ce   0x00000074   Code   RO         4384    i._usb_std_clearfeature  usbd_enum.o
    0x08000742   0x08000742   0x00000040   Code   RO         4385    i._usb_std_getconfiguration  usbd_enum.o
    0x08000782   0x08000782   0x00000002   PAD
    0x08000784   0x08000784   0x00000110   Code   RO         4386    i._usb_std_getdescriptor  usbd_enum.o
    0x08000894   0x08000894   0x0000003c   Code   RO         4387    i._usb_std_getinterface  usbd_enum.o
    0x080008d0   0x080008d0   0x000000c4   Code   RO         4388    i._usb_std_getstatus  usbd_enum.o
    0x08000994   0x08000994   0x00000006   Code   RO         4389    i._usb_std_reserved  usbd_enum.o
    0x0800099a   0x0800099a   0x0000005c   Code   RO         4390    i._usb_std_setaddress  usbd_enum.o
    0x080009f6   0x080009f6   0x00000002   PAD
    0x080009f8   0x080009f8   0x000000b4   Code   RO         4391    i._usb_std_setconfiguration  usbd_enum.o
    0x08000aac   0x08000aac   0x00000006   Code   RO         4392    i._usb_std_setdescriptor  usbd_enum.o
    0x08000ab2   0x08000ab2   0x00000068   Code   RO         4393    i._usb_std_setfeature  usbd_enum.o
    0x08000b1a   0x08000b1a   0x00000044   Code   RO         4394    i._usb_std_setinterface  usbd_enum.o
    0x08000b5e   0x08000b5e   0x00000006   Code   RO         4395    i._usb_std_synchframe  usbd_enum.o
    0x08000b64   0x08000b64   0x00000014   Code   RO         4396    i._usb_str_desc_get  usbd_enum.o
    0x08000b78   0x08000b78   0x000001c4   Code   RO          811    i.can_message_receive  gd32c10x_can.o
    0x08000d3c   0x08000d3c   0x000000e2   Code   RO          816    i.can_struct_para_init  gd32c10x_can.o
    0x08000e1e   0x08000e1e   0x00000022   Code   RO         4576    i.cdc_acm_check_ready  cdc_acm_core.o
    0x08000e40   0x08000e40   0x0000001c   Code   RO         4577    i.cdc_acm_data_receive  cdc_acm_core.o
    0x08000e5c   0x08000e5c   0x00000022   Code   RO         4579    i.cdc_acm_deinit    cdc_acm_core.o
    0x08000e7e   0x08000e7e   0x00000046   Code   RO         4580    i.cdc_acm_in        cdc_acm_core.o
    0x08000ec4   0x08000ec4   0x00000060   Code   RO         4581    i.cdc_acm_init      cdc_acm_core.o
    0x08000f24   0x08000f24   0x000000a8   Code   RO         4582    i.cdc_acm_out       cdc_acm_core.o
    0x08000fcc   0x08000fcc   0x000000b0   Code   RO         4583    i.cdc_acm_req       cdc_acm_core.o
    0x0800107c   0x0800107c   0x00000052   Code   RO         4584    i.cdc_ctlx_out      cdc_acm_core.o
    0x080010ce   0x080010ce   0x00000002   PAD
    0x080010d0   0x080010d0   0x0000001c   Code   RO         1072    i.ctc_clock_limit_value_config  gd32c10x_ctc.o
    0x080010ec   0x080010ec   0x00000030   Code   RO          183    i.ctc_config        gd32c10x_hw.o
    0x0800111c   0x0800111c   0x00000014   Code   RO         1076    i.ctc_counter_enable  gd32c10x_ctc.o
    0x08001130   0x08001130   0x0000001c   Code   RO         1077    i.ctc_counter_reload_value_config  gd32c10x_ctc.o
    0x0800114c   0x0800114c   0x00000018   Code   RO         1081    i.ctc_flag_get      gd32c10x_ctc.o
    0x08001164   0x08001164   0x0000001c   Code   RO         1082    i.ctc_hardware_trim_mode_config  gd32c10x_ctc.o
    0x08001180   0x08001180   0x0000001c   Code   RO         1089    i.ctc_refsource_polarity_config  gd32c10x_ctc.o
    0x0800119c   0x0800119c   0x0000001c   Code   RO         1090    i.ctc_refsource_prescaler_config  gd32c10x_ctc.o
    0x080011b8   0x080011b8   0x0000001c   Code   RO         1091    i.ctc_refsource_signal_select  gd32c10x_ctc.o
    0x080011d4   0x080011d4   0x000000b8   Code   RO         1678    i.exti_init         gd32c10x_exti.o
    0x0800128c   0x0800128c   0x00000010   Code   RO         1680    i.exti_interrupt_enable  gd32c10x_exti.o
    0x0800129c   0x0800129c   0x0000000c   Code   RO         1681    i.exti_interrupt_flag_clear  gd32c10x_exti.o
    0x080012a8   0x080012a8   0x00000004   Code   RO         2032    i.gpio_bit_reset    gd32c10x_gpio.o
    0x080012ac   0x080012ac   0x00000004   Code   RO         2033    i.gpio_bit_set      gd32c10x_gpio.o
    0x080012b0   0x080012b0   0x000000bc   Code   RO         2042    i.gpio_init         gd32c10x_gpio.o
    0x0800136c   0x0800136c   0x0000002c   Code   RO          184    i.hw_delay          gd32c10x_hw.o
    0x08001398   0x08001398   0x00000070   Code   RO          185    i.hw_time_set       gd32c10x_hw.o
    0x08001408   0x08001408   0x0000003c   Code   RO         4397    i.int_to_unicode    usbd_enum.o
    0x08001444   0x08001444   0x000000fc   Code   RO            3    i.main              app.o
    0x08001540   0x08001540   0x000000ac   Code   RO         2384    i.nvic_irq_enable   gd32c10x_misc.o
    0x080015ec   0x080015ec   0x00000014   Code   RO         2385    i.nvic_priority_group_set  gd32c10x_misc.o
    0x08001600   0x08001600   0x00000018   Code   RO         2386    i.nvic_vector_table_set  gd32c10x_misc.o
    0x08001618   0x08001618   0x000000c4   Code   RO         2447    i.pmu_to_deepsleepmode  gd32c10x_pmu.o
    0x080016dc   0x080016dc   0x0000001c   Code   RO         2539    i.rcu_ck48m_clock_config  gd32c10x_rcu.o
    0x080016f8   0x080016f8   0x00000180   Code   RO         2541    i.rcu_clock_freq_get  gd32c10x_rcu.o
    0x08001878   0x08001878   0x00000024   Code   RO         2544    i.rcu_flag_get      gd32c10x_rcu.o
    0x0800189c   0x0800189c   0x00000020   Code   RO         2558    i.rcu_osci_on       gd32c10x_rcu.o
    0x080018bc   0x080018bc   0x0000015c   Code   RO         2559    i.rcu_osci_stab_wait  gd32c10x_rcu.o
    0x08001a18   0x08001a18   0x00000020   Code   RO         2561    i.rcu_periph_clock_enable  gd32c10x_rcu.o
    0x08001a38   0x08001a38   0x00000020   Code   RO         2564    i.rcu_periph_reset_disable  gd32c10x_rcu.o
    0x08001a58   0x08001a58   0x00000020   Code   RO         2565    i.rcu_periph_reset_enable  gd32c10x_rcu.o
    0x08001a78   0x08001a78   0x00000018   Code   RO         2575    i.rcu_usb_clock_config  gd32c10x_rcu.o
    0x08001a90   0x08001a90   0x0000004c   Code   RO         4398    i.serial_string_get  usbd_enum.o
    0x08001adc   0x08001adc   0x000000fc   Code   RO          375    i.system_clock_120m_hxtal  system_gd32c10x.o
    0x08001bd8   0x08001bd8   0x00000008   Code   RO          376    i.system_clock_config  system_gd32c10x.o
    0x08001be0   0x08001be0   0x0000000a   Code   RO         3169    i.timer_auto_reload_shadow_enable  gd32c10x_timer.o
    0x08001bea   0x08001bea   0x00000004   Code   RO         3198    i.timer_counter_value_config  gd32c10x_timer.o
    0x08001bee   0x08001bee   0x00000002   PAD
    0x08001bf0   0x08001bf0   0x00000184   Code   RO         3199    i.timer_deinit      gd32c10x_timer.o
    0x08001d74   0x08001d74   0x0000000a   Code   RO         3200    i.timer_disable     gd32c10x_timer.o
    0x08001d7e   0x08001d7e   0x0000000a   Code   RO         3204    i.timer_enable      gd32c10x_timer.o
    0x08001d88   0x08001d88   0x000000a4   Code   RO         3214    i.timer_init        gd32c10x_timer.o
    0x08001e2c   0x08001e2c   0x00000008   Code   RO         3220    i.timer_interrupt_disable  gd32c10x_timer.o
    0x08001e34   0x08001e34   0x00000008   Code   RO         3221    i.timer_interrupt_enable  gd32c10x_timer.o
    0x08001e3c   0x08001e3c   0x00000006   Code   RO         3222    i.timer_interrupt_flag_clear  gd32c10x_timer.o
    0x08001e42   0x08001e42   0x00000018   Code   RO         3223    i.timer_interrupt_flag_get  gd32c10x_timer.o
    0x08001e5a   0x08001e5a   0x00000016   Code   RO         3234    i.timer_struct_para_init  gd32c10x_timer.o
    0x08001e70   0x08001e70   0x000000da   Code   RO         4042    i.usb_basic_init    drv_usb_core.o
    0x08001f4a   0x08001f4a   0x00000020   Code   RO         4116    i.usb_clock_active  drv_usb_dev.o
    0x08001f6a   0x08001f6a   0x00000002   PAD
    0x08001f6c   0x08001f6c   0x000000b8   Code   RO         4043    i.usb_core_init     drv_usb_core.o
    0x08002024   0x08002024   0x00000026   Code   RO         4044    i.usb_core_reset    drv_usb_core.o
    0x0800204a   0x0800204a   0x00000002   PAD
    0x0800204c   0x0800204c   0x00000028   Code   RO         4117    i.usb_ctlep_startout  drv_usb_dev.o
    0x08002074   0x08002074   0x0000002e   Code   RO         4045    i.usb_curmode_set   drv_usb_core.o
    0x080020a2   0x080020a2   0x00000002   PAD
    0x080020a4   0x080020a4   0x00000150   Code   RO         4120    i.usb_devcore_init  drv_usb_dev.o
    0x080021f4   0x080021f4   0x00000040   Code   RO         4121    i.usb_devint_enable  drv_usb_dev.o
    0x08002234   0x08002234   0x0000002a   Code   RO         4122    i.usb_iepintr_read  drv_usb_dev.o
    0x0800225e   0x0800225e   0x00000044   Code   RO          186    i.usb_intr_config   gd32c10x_hw.o
    0x080022a2   0x080022a2   0x0000000e   Code   RO          187    i.usb_mdelay        gd32c10x_hw.o
    0x080022b0   0x080022b0   0x0000009c   Code   RO          188    i.usb_rcu_config    gd32c10x_hw.o
    0x0800234c   0x0800234c   0x00000022   Code   RO         4046    i.usb_rxfifo_flush  drv_usb_core.o
    0x0800236e   0x0800236e   0x0000001e   Code   RO         4047    i.usb_rxfifo_read   drv_usb_core.o
    0x0800238c   0x0800238c   0x00000048   Code   RO         4048    i.usb_set_txfifo    drv_usb_core.o
    0x080023d4   0x080023d4   0x00000028   Code   RO          189    i.usb_timer_init    gd32c10x_hw.o
    0x080023fc   0x080023fc   0x00000038   Code   RO          190    i.usb_timer_irq     gd32c10x_hw.o
    0x08002434   0x08002434   0x00000098   Code   RO         4125    i.usb_transc_active  drv_usb_dev.o
    0x080024cc   0x080024cc   0x00000044   Code   RO         4126    i.usb_transc_clrstall  drv_usb_dev.o
    0x08002510   0x08002510   0x00000064   Code   RO         4127    i.usb_transc_deactivate  drv_usb_dev.o
    0x08002574   0x08002574   0x0000010c   Code   RO         4128    i.usb_transc_inxfer  drv_usb_dev.o
    0x08002680   0x08002680   0x00000090   Code   RO         4129    i.usb_transc_outxfer  drv_usb_dev.o
    0x08002710   0x08002710   0x00000042   Code   RO         4130    i.usb_transc_stall  drv_usb_dev.o
    0x08002752   0x08002752   0x00000028   Code   RO         4049    i.usb_txfifo_flush  drv_usb_core.o
    0x0800277a   0x0800277a   0x00000022   Code   RO         4050    i.usb_txfifo_write  drv_usb_core.o
    0x0800279c   0x0800279c   0x0000000e   Code   RO          191    i.usb_udelay        gd32c10x_hw.o
    0x080027aa   0x080027aa   0x00000026   Code   RO         4399    i.usbd_class_request  usbd_enum.o
    0x080027d0   0x080027d0   0x0000001c   Code   RO         4295    i.usbd_connect      usbd_core.o
    0x080027ec   0x080027ec   0x0000002e   Code   RO         4519    i.usbd_ctl_recev    usbd_transc.o
    0x0800281a   0x0800281a   0x0000002e   Code   RO         4520    i.usbd_ctl_send     usbd_transc.o
    0x08002848   0x08002848   0x00000020   Code   RO         4521    i.usbd_ctl_status_recev  usbd_transc.o
    0x08002868   0x08002868   0x00000020   Code   RO         4522    i.usbd_ctl_status_send  usbd_transc.o
    0x08002888   0x08002888   0x0000001c   Code   RO         4296    i.usbd_disconnect   usbd_core.o
    0x080028a4   0x080028a4   0x0000008c   Code   RO         4229    i.usbd_emptytxfifo_write  drv_usbd_int.o
    0x08002930   0x08002930   0x0000001e   Code   RO         4400    i.usbd_enum_error   usbd_enum.o
    0x0800294e   0x0800294e   0x00000034   Code   RO         4297    i.usbd_ep_clear     usbd_core.o
    0x08002982   0x08002982   0x0000003c   Code   RO         4298    i.usbd_ep_recev     usbd_core.o
    0x080029be   0x080029be   0x0000003c   Code   RO         4299    i.usbd_ep_send      usbd_core.o
    0x080029fa   0x080029fa   0x00000002   PAD
    0x080029fc   0x080029fc   0x00000070   Code   RO         4300    i.usbd_ep_setup     usbd_core.o
    0x08002a6c   0x08002a6c   0x0000003a   Code   RO         4301    i.usbd_ep_stall     usbd_core.o
    0x08002aa6   0x08002aa6   0x0000003a   Code   RO         4302    i.usbd_ep_stall_clear  usbd_core.o
    0x08002ae0   0x08002ae0   0x000000a0   Code   RO         4523    i.usbd_in_transc    usbd_transc.o
    0x08002b80   0x08002b80   0x0000007c   Code   RO         4304    i.usbd_init         usbd_core.o
    0x08002bfc   0x08002bfc   0x00000068   Code   RO         4230    i.usbd_int_enumfinish  drv_usbd_int.o
    0x08002c64   0x08002c64   0x0000008a   Code   RO         4231    i.usbd_int_epin     drv_usbd_int.o
    0x08002cee   0x08002cee   0x000000ce   Code   RO         4232    i.usbd_int_epout    drv_usbd_int.o
    0x08002dbc   0x08002dbc   0x000000d8   Code   RO         4233    i.usbd_int_reset    drv_usbd_int.o
    0x08002e94   0x08002e94   0x000000b2   Code   RO         4234    i.usbd_int_rxfifo   drv_usbd_int.o
    0x08002f46   0x08002f46   0x00000066   Code   RO         4235    i.usbd_int_suspend  drv_usbd_int.o
    0x08002fac   0x08002fac   0x000000de   Code   RO         4236    i.usbd_isr          drv_usbd_int.o
    0x0800308a   0x0800308a   0x00000084   Code   RO         4524    i.usbd_out_transc   usbd_transc.o
    0x0800310e   0x0800310e   0x00000084   Code   RO         4525    i.usbd_setup_transc  usbd_transc.o
    0x08003192   0x08003192   0x00000002   PAD
    0x08003194   0x08003194   0x0000001c   Code   RO         4401    i.usbd_standard_request  usbd_enum.o
    0x080031b0   0x080031b0   0x00000006   Code   RO         4402    i.usbd_vendor_request  usbd_enum.o
    0x080031b6   0x080031b6   0x0000000a   Code   RO         4950    x$fpl$fpinit        fz_wm.l(fpinit.o)
    0x080031c0   0x080031c0   0x000000d8   Data   RO          826    .constdata          gd32c10x_can.o
    0x08003298   0x08003298   0x00000004   Data   RO         4131    .constdata          drv_usb_dev.o
    0x0800329c   0x0800329c   0x0000003c   Data   RO         4237    .constdata          drv_usbd_int.o
    0x080032d8   0x080032d8   0x00000010   Data   RO         4305    .constdata          usbd_core.o
    0x080032e8   0x080032e8   0x00000177   Data   RO         4586    .constdata          cdc_acm_core.o
    0x0800345f   0x0800345f   0x00000001   PAD
    0x08003460   0x08003460   0x00000020   Data   RO         5018    Region$$Table       anon$$obj.o


    Execution Region RW_IRAM1 (Exec base: 0x20000000, Load base: 0x08003480, Size: 0x00003630, Max: 0x00008000, ABSOLUTE, COMPRESSED[0x00000064])

    Exec Addr    Load Addr    Size         Type   Attr      Idx    E Section Name        Object

    0x20000000   COMPRESSED   0x0000000c   Data   RW          192    .data               gd32c10x_hw.o
    0x2000000c   COMPRESSED   0x00000008   Data   RW         4132    .data               drv_usb_dev.o
    0x20000014   COMPRESSED   0x00000043   Data   RW         4403    .data               usbd_enum.o
    0x20000057   COMPRESSED   0x00000001   PAD
    0x20000058   COMPRESSED   0x000000c8   Data   RW         4587    .data               cdc_acm_core.o
    0x20000120   COMPRESSED   0x0000000c   Data   RW         4661    .data               bsp.o
    0x2000012c        -       0x0000043c   Zero   RW            4    .bss                app.o
    0x20000568        -       0x00000010   Zero   RW         2452    .bss                gd32c10x_pmu.o
    0x20000578        -       0x00002858   Zero   RW         4585    .bss                cdc_acm_core.o
    0x20002dd0        -       0x00000060   Zero   RW         4892    .bss                c_w.l(libspace.o)
    0x20002e30        -       0x00000400   Zero   RW         4650    HEAP                startup_gd32c10x.o
    0x20003230        -       0x00000400   Zero   RW         4649    STACK               startup_gd32c10x.o


==============================================================================

Image component sizes


      Code (inc. data)   RO Data    RW Data    ZI Data      Debug   Object Name

       252         34          0          0       1084      89373   app.o
        60          4          0         12          0       1105   bsp.o
       728         28        375        200      10328       8806   cdc_acm_core.o
       696          6          0          0          0      21291   drv_usb_core.o
      1312         30          4          8          0      13420   drv_usb_dev.o
      1306         22         60          0          0      10123   drv_usbd_int.o
       678         10        216          0          0       3192   gd32c10x_can.o
       212         46          0          0          0       5060   gd32c10x_ctc.o
       212         16          0          0          0       2000   gd32c10x_exti.o
       196          0          0          0          0       2228   gd32c10x_gpio.o
       552         56          0         12          0       5632   gd32c10x_hw.o
       262         46          0          0          0       7941   gd32c10x_it.o
       216         28          0          0          0       2192   gd32c10x_misc.o
       196         26          0          0         16        759   gd32c10x_pmu.o
       948         72          0          0          0       6858   gd32c10x_rcu.o
       654         44          0          0          0       8070   gd32c10x_timer.o
        64         26        336          0       2048        960   startup_gd32c10x.o
       424         40          0          0          0       2665   system_gd32c10x.o
       216         16          0          0          0       1148   timer.o
       580          6         16          0          0      12104   usbd_core.o
      1502         46          0         67          0      20946   usbd_enum.o
       580          0          0          0          0       5775   usbd_transc.o

    ----------------------------------------------------------------------
     11868        602       1040        300      13476     231648   Object Totals
         0          0         32          0          0          0   (incl. Generated)
        22          0          1          1          0          0   (incl. Padding)

    ----------------------------------------------------------------------

      Code (inc. data)   RO Data    RW Data    ZI Data      Debug   Library Member Name

        90          0          0          0          0          0   __dczerorl2.o
         8          0          0          0          0         68   __main.o
         0          0          0          0          0          0   __rtentry.o
        12          0          0          0          0          0   __rtentry2.o
         6          0          0          0          0          0   __rtentry4.o
        52          8          0          0          0          0   __scatter.o
        28          0          0          0          0          0   __scatter_zi.o
        18          0          0          0          0         80   exit.o
         6          0          0          0          0        152   heapauxi.o
         0          0          0          0          0          0   indicate_semi.o
         2          0          0          0          0          0   libinit.o
         6          0          0          0          0          0   libinit2.o
         2          0          0          0          0          0   libshutdown.o
         2          0          0          0          0          0   libshutdown2.o
         8          4          0          0         96         68   libspace.o
        78          0          0          0          0         80   rt_memclr_w.o
       100          0          0          0          0         80   rt_memcpy_w.o
         2          0          0          0          0          0   rtexit.o
        10          0          0          0          0          0   rtexit2.o
        12          4          0          0          0         68   sys_exit.o
        74          0          0          0          0         80   sys_stackheap_outer.o
         2          0          0          0          0         68   use_no_semi.o
        10          0          0          0          0        116   fpinit.o

    ----------------------------------------------------------------------
       532         16          0          0         96        860   Library Totals
         4          0          0          0          0          0   (incl. Padding)

    ----------------------------------------------------------------------

      Code (inc. data)   RO Data    RW Data    ZI Data      Debug   Library Name

       518         16          0          0         96        744   c_w.l
        10          0          0          0          0        116   fz_wm.l

    ----------------------------------------------------------------------
       532         16          0          0         96        860   Library Totals

    ----------------------------------------------------------------------

==============================================================================


      Code (inc. data)   RO Data    RW Data    ZI Data      Debug   

     12400        618       1040        300      13572     218048   Grand Totals
     12400        618       1040        100      13572     218048   ELF Image Totals (compressed)
     12400        618       1040        100          0          0   ROM Totals

==============================================================================

    Total RO  Size (Code + RO Data)                13440 (  13.13kB)
    Total RW  Size (RW Data + ZI Data)             13872 (  13.55kB)
    Total ROM Size (Code + RO Data + RW Data)      13540 (  13.22kB)

==============================================================================

